Archive member included to satisfy reference by file (symbol)

/usr/local/Cellar/arm-none-eabi-gcc/10.3-2021.07/gcc/bin/../lib/gcc/arm-none-eabi/10.3.1/thumb/v6-m/nofp/libgcc.a(_dvmd_tls.o)
                              CMakeFiles/M0ZAHv1.dir/Users/james/Documents/cpp/pico-sdk/src/rp2_common/pico_divider/divider.S.obj (__aeabi_idiv0)
/usr/local/Cellar/arm-none-eabi-gcc/10.3-2021.07/gcc/bin/../lib/gcc/arm-none-eabi/10.3.1/../../../../arm-none-eabi/lib/thumb/v6-m/nofp/libg.a(lib_a-calloc.o)
                              CMakeFiles/M0ZAHv1.dir/Users/james/Documents/cpp/pico-sdk/src/rp2_common/pico_malloc/pico_malloc.c.obj (calloc)
/usr/local/Cellar/arm-none-eabi-gcc/10.3-2021.07/gcc/bin/../lib/gcc/arm-none-eabi/10.3.1/../../../../arm-none-eabi/lib/thumb/v6-m/nofp/libg.a(lib_a-callocr.o)
                              /usr/local/Cellar/arm-none-eabi-gcc/10.3-2021.07/gcc/bin/../lib/gcc/arm-none-eabi/10.3.1/../../../../arm-none-eabi/lib/thumb/v6-m/nofp/libg.a(lib_a-calloc.o) (_calloc_r)
/usr/local/Cellar/arm-none-eabi-gcc/10.3-2021.07/gcc/bin/../lib/gcc/arm-none-eabi/10.3.1/../../../../arm-none-eabi/lib/thumb/v6-m/nofp/libg.a(lib_a-ctype_.o)
                              CMakeFiles/M0ZAHv1.dir/Users/james/Documents/cpp/pico-sdk/lib/tinyusb/src/tusb.c.obj (_ctype_)
/usr/local/Cellar/arm-none-eabi-gcc/10.3-2021.07/gcc/bin/../lib/gcc/arm-none-eabi/10.3.1/../../../../arm-none-eabi/lib/thumb/v6-m/nofp/libg.a(lib_a-errno.o)
                              /usr/local/Cellar/arm-none-eabi-gcc/10.3-2021.07/gcc/bin/../lib/gcc/arm-none-eabi/10.3.1/../../../../arm-none-eabi/lib/thumb/v6-m/nofp/libg.a(lib_a-callocr.o) (__errno)
/usr/local/Cellar/arm-none-eabi-gcc/10.3-2021.07/gcc/bin/../lib/gcc/arm-none-eabi/10.3.1/../../../../arm-none-eabi/lib/thumb/v6-m/nofp/libg.a(lib_a-impure.o)
                              /usr/local/Cellar/arm-none-eabi-gcc/10.3-2021.07/gcc/bin/../lib/gcc/arm-none-eabi/10.3.1/../../../../arm-none-eabi/lib/thumb/v6-m/nofp/libg.a(lib_a-calloc.o) (_impure_ptr)
/usr/local/Cellar/arm-none-eabi-gcc/10.3-2021.07/gcc/bin/../lib/gcc/arm-none-eabi/10.3.1/../../../../arm-none-eabi/lib/thumb/v6-m/nofp/libg.a(lib_a-init.o)
                              /usr/local/Cellar/arm-none-eabi-gcc/10.3-2021.07/gcc/bin/../lib/gcc/arm-none-eabi/10.3.1/../../../../arm-none-eabi/lib/thumb/v6-m/nofp/crt0.o (__libc_init_array)
/usr/local/Cellar/arm-none-eabi-gcc/10.3-2021.07/gcc/bin/../lib/gcc/arm-none-eabi/10.3.1/../../../../arm-none-eabi/lib/thumb/v6-m/nofp/libg.a(lib_a-malloc.o)
                              CMakeFiles/M0ZAHv1.dir/Users/james/Documents/cpp/pico-sdk/src/rp2_common/pico_malloc/pico_malloc.c.obj (malloc)
/usr/local/Cellar/arm-none-eabi-gcc/10.3-2021.07/gcc/bin/../lib/gcc/arm-none-eabi/10.3.1/../../../../arm-none-eabi/lib/thumb/v6-m/nofp/libg.a(lib_a-mallocr.o)
                              /usr/local/Cellar/arm-none-eabi-gcc/10.3-2021.07/gcc/bin/../lib/gcc/arm-none-eabi/10.3.1/../../../../arm-none-eabi/lib/thumb/v6-m/nofp/libg.a(lib_a-callocr.o) (_malloc_r)
/usr/local/Cellar/arm-none-eabi-gcc/10.3-2021.07/gcc/bin/../lib/gcc/arm-none-eabi/10.3.1/../../../../arm-none-eabi/lib/thumb/v6-m/nofp/libg.a(lib_a-mlock.o)
                              /usr/local/Cellar/arm-none-eabi-gcc/10.3-2021.07/gcc/bin/../lib/gcc/arm-none-eabi/10.3.1/../../../../arm-none-eabi/lib/thumb/v6-m/nofp/libg.a(lib_a-mallocr.o) (__malloc_lock)
/usr/local/Cellar/arm-none-eabi-gcc/10.3-2021.07/gcc/bin/../lib/gcc/arm-none-eabi/10.3.1/../../../../arm-none-eabi/lib/thumb/v6-m/nofp/libg.a(lib_a-sbrkr.o)
                              /usr/local/Cellar/arm-none-eabi-gcc/10.3-2021.07/gcc/bin/../lib/gcc/arm-none-eabi/10.3.1/../../../../arm-none-eabi/lib/thumb/v6-m/nofp/libg.a(lib_a-mallocr.o) (_sbrk_r)
/usr/local/Cellar/arm-none-eabi-gcc/10.3-2021.07/gcc/bin/../lib/gcc/arm-none-eabi/10.3.1/../../../../arm-none-eabi/lib/thumb/v6-m/nofp/libg.a(lib_a-strlen-stub.o)
                              CMakeFiles/M0ZAHv1.dir/Users/james/Documents/cpp/pico-sdk/src/rp2_common/pico_stdio/stdio.c.obj (strlen)
/usr/local/Cellar/arm-none-eabi-gcc/10.3-2021.07/gcc/bin/../lib/gcc/arm-none-eabi/10.3.1/../../../../arm-none-eabi/lib/thumb/v6-m/nofp/libg.a(lib_a-freer.o)
                              /usr/local/Cellar/arm-none-eabi-gcc/10.3-2021.07/gcc/bin/../lib/gcc/arm-none-eabi/10.3.1/../../../../arm-none-eabi/lib/thumb/v6-m/nofp/libg.a(lib_a-malloc.o) (_free_r)
/usr/local/Cellar/arm-none-eabi-gcc/10.3-2021.07/gcc/bin/../lib/gcc/arm-none-eabi/10.3.1/../../../../arm-none-eabi/lib/thumb/v6-m/nofp/libg.a(lib_a-lock.o)
                              /usr/local/Cellar/arm-none-eabi-gcc/10.3-2021.07/gcc/bin/../lib/gcc/arm-none-eabi/10.3.1/../../../../arm-none-eabi/lib/thumb/v6-m/nofp/libg.a(lib_a-mlock.o) (__retarget_lock_acquire_recursive)
/usr/local/Cellar/arm-none-eabi-gcc/10.3-2021.07/gcc/bin/../lib/gcc/arm-none-eabi/10.3.1/../../../../arm-none-eabi/lib/thumb/v6-m/nofp/libg.a(lib_a-reent.o)
[...]
Memory Configuration

Name             Origin             Length             Attributes
FLASH            0x0000000010000000 0x0000000000200000 xr
RAM              0x0000000020000000 0x0000000000040000 xrw
SCRATCH_X        0x0000000020040000 0x0000000000001000 xrw
SCRATCH_Y        0x0000000020041000 0x0000000000001000 xrw
*default*        0x0000000000000000 0xffffffffffffffff

Linker script and memory map

LOAD /usr/local/Cellar/arm-none-eabi-gcc/10.3-2021.07/gcc/bin/../lib/gcc/arm-none-eabi/10.3.1/thumb/v6-m/nofp/crti.o
LOAD /usr/local/Cellar/arm-none-eabi-gcc/10.3-2021.07/gcc/bin/../lib/gcc/arm-none-eabi/10.3.1/thumb/v6-m/nofp/crtbegin.o
LOAD /usr/local/Cellar/arm-none-eabi-gcc/10.3-2021.07/gcc/bin/../lib/gcc/arm-none-eabi/10.3.1/../../../../arm-none-eabi/lib/thumb/v6-m/nofp/crt0.o

.flash_begin    0x0000000010000000        0x0
                0x0000000010000000                __flash_binary_start = .

.boot2          0x0000000010000000      0x100
                0x0000000010000000                __boot2_start__ = .
 *(.boot2)
 .boot2         0x0000000010000000      0x100 /var/folders/57/krj0ysdd3qgc6g9dsqbz8b340000gn/T//ccdTxFcE.o
                0x0000000010000100                __boot2_end__ = .
                0x0000000000000001                ASSERT (((__boot2_end__ - __boot2_start__) == 0x100), ERROR: Pico second stage bootloader must be 256 bytes in size)

.text           0x0000000010000100     0x45c8
                0x0000000010000100                __logical_binary_start = .
 *(.vectors)
 .vectors       0x0000000010000100       0xd4 CMakeFiles/M0ZAHv1.dir/Users/james/Documents/cpp/pico-sdk/src/rp2_common/pico_standard_link/crt0.S.obj
                0x0000000010000100                __VECTOR_TABLE
                0x0000000010000100                __vectors
                0x00000000100001c0                __default_isrs_start
                0x00000000100001c0                isr_invalid
                0x00000000100001c2                isr_nmi
                0x00000000100001c4                isr_hardfault
                0x00000000100001c6                isr_svcall
                0x00000000100001c8                isr_pendsv
                0x00000000100001ca                isr_systick
                0x00000000100001cc                isr_irq28
                0x00000000100001cc                isr_irq19
                0x00000000100001cc                isr_irq0
                0x00000000100001cc                isr_irq6
                0x00000000100001cc                isr_irq22
                0x00000000100001cc                isr_irq17
                0x00000000100001cc                isr_irq14
                0x00000000100001cc                isr_irq2
                0x00000000100001cc                isr_irq10
                0x00000000100001cc                isr_irq8
                0x00000000100001cc                isr_irq24
                0x00000000100001cc                isr_irq1
                0x00000000100001cc                isr_irq7
                0x00000000100001cc                isr_irq21
                0x00000000100001cc                isr_irq20
                0x00000000100001cc                isr_irq15
                0x00000000100001cc                isr_irq25
                0x00000000100001cc                isr_irq4
                0x00000000100001cc                isr_irq16
                0x00000000100001cc                isr_irq29
                0x00000000100001cc                isr_irq26
                0x00000000100001cc                __default_isrs_end
                0x00000000100001cc                isr_irq3
                0x00000000100001cc                isr_irq9
                0x00000000100001cc                __unhandled_user_irq
                0x00000000100001cc                isr_irq13
                0x00000000100001cc                isr_irq27
                0x00000000100001cc                isr_irq31
                0x00000000100001cc                isr_irq5
                0x00000000100001cc                isr_irq11
                0x00000000100001cc                isr_irq23
                0x00000000100001cc                isr_irq18
                0x00000000100001cc                isr_irq30
                0x00000000100001cc                isr_irq12
                0x00000000100001d2                unhandled_user_irq_num_in_r0
 *(.binary_info_header)
 .binary_info_header
                0x00000000100001d4       0x14 CMakeFiles/M0ZAHv1.dir/Users/james/Documents/cpp/pico-sdk/src/rp2_common/pico_standard_link/crt0.S.obj
                0x00000000100001e8                __binary_info_header_end = .
 *(.reset)
 .reset         0x00000000100001e8       0xa8 CMakeFiles/M0ZAHv1.dir/Users/james/Documents/cpp/pico-sdk/src/rp2_common/pico_standard_link/crt0.S.obj
                0x00000000100001e8                _entry_point
                0x0000000010000266                __get_current_exception
 .reset         0x0000000010000290       0x30 CMakeFiles/M0ZAHv1.dir/Users/james/Documents/cpp/pico-sdk/src/rp2_common/pico_standard_link/binary_info.c.obj
 *(.init)
 .init          0x00000000100002c0        0x4 /usr/local/Cellar/arm-none-eabi-gcc/10.3-2021.07/gcc/bin/../lib/gcc/arm-none-eabi/10.3.1/thumb/v6-m/nofp/crti.o
                0x00000000100002c0                _init
 *(EXCLUDE_FILE(*libm.a: *libc.a:*lib_a-mem*.o *libgcc.a:) .text*)
 .text          0x00000000100002c4       0x48 /usr/local/Cellar/arm-none-eabi-gcc/10.3-2021.07/gcc/bin/../lib/gcc/arm-none-eabi/10.3.1/thumb/v6-m/nofp/crtbegin.o
 .text.tx       0x000000001000030c       0x1c CMakeFiles/M0ZAHv1.dir/main.c.obj
                0x000000001000030c                tx
 .text.rx       0x0000000010000328       0x12 CMakeFiles/M0ZAHv1.dir/main.c.obj
                0x0000000010000328                rx
 *fill*         0x000000001000033a        0x2 
 .text.set_pwm_pin
                0x000000001000033c       0xe8 CMakeFiles/M0ZAHv1.dir/main.c.obj
                0x000000001000033c                set_pwm_pin
 .text.idm      0x0000000010000424       0x30 CMakeFiles/M0ZAHv1.dir/main.c.obj
                0x0000000010000424                idm
 .text.ids      0x0000000010000454       0x20 CMakeFiles/M0ZAHv1.dir/main.c.obj
                0x0000000010000454                ids
 .text.id       0x0000000010000474       0x3c CMakeFiles/M0ZAHv1.dir/main.c.obj
                0x0000000010000474                id
 .text.main     0x00000000100004b0      0x2d0 CMakeFiles/M0ZAHv1.dir/main.c.obj
                0x00000000100004b0                main
 .text.gpio_set_function
                0x0000000010000780       0x30 CMakeFiles/M0ZAHv1.dir/Users/james/Documents/cpp/pico-sdk/src/rp2_common/hardware_gpio/gpio.c.obj
                0x0000000010000780                gpio_set_function
 .text.gpio_set_pulls
                0x00000000100007b0       0x34 CMakeFiles/M0ZAHv1.dir/Users/james/Documents/cpp/pico-sdk/src/rp2_common/hardware_gpio/gpio.c.obj
                0x00000000100007b0                gpio_set_pulls
 .text.gpio_set_input_enabled
                0x00000000100007e4       0x30 CMakeFiles/M0ZAHv1.dir/Users/james/Documents/cpp/pico-sdk/src/rp2_common/hardware_gpio/gpio.c.obj
                0x00000000100007e4                gpio_set_input_enabled
 .text.gpio_init
                0x0000000010000814       0x16 CMakeFiles/M0ZAHv1.dir/Users/james/Documents/cpp/pico-sdk/src/rp2_common/hardware_gpio/gpio.c.obj
                0x0000000010000814                gpio_init
 *fill*         0x000000001000082a        0x2 
 .text.hw_claim_lock
                0x000000001000082c       0x18 CMakeFiles/M0ZAHv1.dir/Users/james/Documents/cpp/pico-sdk/src/rp2_common/hardware_claim/claim.c.obj
                0x000000001000082c                hw_claim_lock
 .text.hw_claim_unlock
                0x0000000010000844       0x14 CMakeFiles/M0ZAHv1.dir/Users/james/Documents/cpp/pico-sdk/src/rp2_common/hardware_claim/claim.c.obj
                0x0000000010000844                hw_claim_unlock
 .text.hw_claim_or_assert
                0x0000000010000858       0x32 CMakeFiles/M0ZAHv1.dir/Users/james/Documents/cpp/pico-sdk/src/rp2_common/hardware_claim/claim.c.obj
                0x0000000010000858                hw_claim_or_assert
 *fill*         0x000000001000088a        0x2 
 .text.running_on_fpga
                0x000000001000088c       0x14 CMakeFiles/M0ZAHv1.dir/Users/james/Documents/cpp/pico-sdk/src/rp2_common/pico_platform/platform.c.obj
                0x000000001000088c                running_on_fpga
 .text.spin_locks_reset
                0x00000000100008a0       0x20 CMakeFiles/M0ZAHv1.dir/Users/james/Documents/cpp/pico-sdk/src/rp2_common/hardware_sync/sync.c.obj
                0x00000000100008a0                spin_locks_reset
 .text.next_striped_spin_lock_num
                0x00000000100008c0       0x1c CMakeFiles/M0ZAHv1.dir/Users/james/Documents/cpp/pico-sdk/src/rp2_common/hardware_sync/sync.c.obj
                0x00000000100008c0                next_striped_spin_lock_num
 .text.alarm_pool_post_alloc_init
                0x00000000100008dc       0x40 CMakeFiles/M0ZAHv1.dir/Users/james/Documents/cpp/pico-sdk/src/common/pico_time/time.c.obj
 .text.sleep_until_callback
                0x000000001000091c       0x30 CMakeFiles/M0ZAHv1.dir/Users/james/Documents/cpp/pico-sdk/src/common/pico_time/time.c.obj
 .text.timer_pool_entry_comparator
                0x000000001000094c       0x7c CMakeFiles/M0ZAHv1.dir/Users/james/Documents/cpp/pico-sdk/src/common/pico_time/time.c.obj
                0x000000001000094c                timer_pool_entry_comparator
 .text.ph_add_child_node
                0x00000000100009c8       0xa4 CMakeFiles/M0ZAHv1.dir/Users/james/Documents/cpp/pico-sdk/src/common/pico_time/time.c.obj
 .text.ph_merge_nodes
                0x0000000010000a6c       0x3e CMakeFiles/M0ZAHv1.dir/Users/james/Documents/cpp/pico-sdk/src/common/pico_time/time.c.obj
 *fill*         0x0000000010000aaa        0x2 
 .text.add_alarm_under_lock
                0x0000000010000aac      0x174 CMakeFiles/M0ZAHv1.dir/Users/james/Documents/cpp/pico-sdk/src/common/pico_time/time.c.obj
 .text.alarm_pool_alarm_callback
                0x0000000010000c20      0x328 CMakeFiles/M0ZAHv1.dir/Users/james/Documents/cpp/pico-sdk/src/common/pico_time/time.c.obj
 .text.alarm_pool_init_default
                0x0000000010000f48       0x38 CMakeFiles/M0ZAHv1.dir/Users/james/Documents/cpp/pico-sdk/src/common/pico_time/time.c.obj
                0x0000000010000f48                alarm_pool_init_default
 .text.alarm_pool_get_default
                0x0000000010000f80       0x2c CMakeFiles/M0ZAHv1.dir/Users/james/Documents/cpp/pico-sdk/src/common/pico_time/time.c.obj
                0x0000000010000f80                alarm_pool_get_default
 .text.alarm_pool_add_alarm_at
                0x0000000010000fac      0x170 CMakeFiles/M0ZAHv1.dir/Users/james/Documents/cpp/pico-sdk/src/common/pico_time/time.c.obj
                0x0000000010000fac                alarm_pool_add_alarm_at
 .text.sleep_until
                0x000000001000111c       0xfc CMakeFiles/M0ZAHv1.dir/Users/james/Documents/cpp/pico-sdk/src/common/pico_time/time.c.obj
                0x000000001000111c                sleep_until
 .text.sleep_us
                0x0000000010001218       0x58 CMakeFiles/M0ZAHv1.dir/Users/james/Documents/cpp/pico-sdk/src/common/pico_time/time.c.obj
                0x0000000010001218                sleep_us
 .text.sleep_ms
                0x0000000010001270       0x14 CMakeFiles/M0ZAHv1.dir/Users/james/Documents/cpp/pico-sdk/src/common/pico_time/time.c.obj
                0x0000000010001270                sleep_ms
 .text.hardware_alarm_irq_handler
                0x0000000010001284       0x8c CMakeFiles/M0ZAHv1.dir/Users/james/Documents/cpp/pico-sdk/src/rp2_common/hardware_timer/timer.c.obj
 .text.hardware_alarm_claim
                0x0000000010001310       0x18 CMakeFiles/M0ZAHv1.dir/Users/james/Documents/cpp/pico-sdk/src/rp2_common/hardware_timer/timer.c.obj
                0x0000000010001310                hardware_alarm_claim
 .text.time_us_64
                0x0000000010001328       0x18 CMakeFiles/M0ZAHv1.dir/Users/james/Documents/cpp/pico-sdk/src/rp2_common/hardware_timer/timer.c.obj
                0x0000000010001328                time_us_64
 .text.busy_wait_until
                0x0000000010001340       0x28 CMakeFiles/M0ZAHv1.dir/Users/james/Documents/cpp/pico-sdk/src/rp2_common/hardware_timer/timer.c.obj
                0x0000000010001340                busy_wait_until
 .text.hardware_alarm_set_callback
                0x0000000010001368       0x90 CMakeFiles/M0ZAHv1.dir/Users/james/Documents/cpp/pico-sdk/src/rp2_common/hardware_timer/timer.c.obj
                0x0000000010001368                hardware_alarm_set_callback
 .text.hardware_alarm_set_target
                0x00000000100013f8       0xe8 CMakeFiles/M0ZAHv1.dir/Users/james/Documents/cpp/pico-sdk/src/rp2_common/hardware_timer/timer.c.obj
                0x00000000100013f8                hardware_alarm_set_target
 .text.hardware_alarm_cancel
                0x00000000100014e0       0x40 CMakeFiles/M0ZAHv1.dir/Users/james/Documents/cpp/pico-sdk/src/rp2_common/hardware_timer/timer.c.obj
                0x00000000100014e0                hardware_alarm_cancel
 .text.lock_init
                0x0000000010001520       0x10 CMakeFiles/M0ZAHv1.dir/Users/james/Documents/cpp/pico-sdk/src/common/pico_sync/lock_core.c.obj
                0x0000000010001520                lock_init
 .text.mutex_init
                0x0000000010001530       0x1a CMakeFiles/M0ZAHv1.dir/Users/james/Documents/cpp/pico-sdk/src/common/pico_sync/mutex.c.obj
                0x0000000010001530                mutex_init
 .text.recursive_mutex_init
                0x000000001000154a       0x1e CMakeFiles/M0ZAHv1.dir/Users/james/Documents/cpp/pico-sdk/src/common/pico_sync/mutex.c.obj
                0x000000001000154a                recursive_mutex_init
 .text.ph_add_child_node
                0x0000000010001568       0xa4 CMakeFiles/M0ZAHv1.dir/Users/james/Documents/cpp/pico-sdk/src/common/pico_util/pheap.c.obj
 .text.ph_merge_nodes
                0x000000001000160c       0x3e CMakeFiles/M0ZAHv1.dir/Users/james/Documents/cpp/pico-sdk/src/common/pico_util/pheap.c.obj
 *fill*         0x000000001000164a        0x2 
 .text.ph_clear
                0x000000001000164c       0x70 CMakeFiles/M0ZAHv1.dir/Users/james/Documents/cpp/pico-sdk/src/common/pico_util/pheap.c.obj
                0x000000001000164c                ph_clear
 .text.ph_post_alloc_init
                0x00000000100016bc        0xe CMakeFiles/M0ZAHv1.dir/Users/james/Documents/cpp/pico-sdk/src/common/pico_util/pheap.c.obj
                0x00000000100016bc                ph_post_alloc_init
 *fill*         0x00000000100016ca        0x2 
 .text.ph_merge_two_pass
                0x00000000100016cc       0xa8 CMakeFiles/M0ZAHv1.dir/Users/james/Documents/cpp/pico-sdk/src/common/pico_util/pheap.c.obj
                0x00000000100016cc                ph_merge_two_pass
 .text.ph_remove_any_head
                0x0000000010001774      0x108 CMakeFiles/M0ZAHv1.dir/Users/james/Documents/cpp/pico-sdk/src/common/pico_util/pheap.c.obj
 .text.ph_remove_head
                0x000000001000187c       0x14 CMakeFiles/M0ZAHv1.dir/Users/james/Documents/cpp/pico-sdk/src/common/pico_util/pheap.c.obj
                0x000000001000187c                ph_remove_head
 .text.ph_remove_and_free_node
                0x0000000010001890       0xf8 CMakeFiles/M0ZAHv1.dir/Users/james/Documents/cpp/pico-sdk/src/common/pico_util/pheap.c.obj
                0x0000000010001890                ph_remove_and_free_node
 .text._exit    0x0000000010001988        0x4 CMakeFiles/M0ZAHv1.dir/Users/james/Documents/cpp/pico-sdk/src/rp2_common/pico_runtime/runtime.c.obj
                0x0000000010001988                _exit
 .text.exit     0x000000001000198c        0x6 CMakeFiles/M0ZAHv1.dir/Users/james/Documents/cpp/pico-sdk/src/rp2_common/pico_runtime/runtime.c.obj
                0x000000001000198c                exit
 *fill*         0x0000000010001992        0x2 
 .text.__assert_func
                0x0000000010001994       0x3c CMakeFiles/M0ZAHv1.dir/Users/james/Documents/cpp/pico-sdk/src/rp2_common/pico_runtime/runtime.c.obj
                0x0000000010001994                __assert_func
 .text.runtime_init
                0x00000000100019d0       0xf8 CMakeFiles/M0ZAHv1.dir/Users/james/Documents/cpp/pico-sdk/src/rp2_common/pico_runtime/runtime.c.obj
                0x00000000100019d0                runtime_init
 .text.panic    0x0000000010001ac8       0x30 CMakeFiles/M0ZAHv1.dir/Users/james/Documents/cpp/pico-sdk/src/rp2_common/pico_runtime/runtime.c.obj
                0x0000000010001ac8                panic
 .text.clock_configure
                0x0000000010001af8      0x104 CMakeFiles/M0ZAHv1.dir/Users/james/Documents/cpp/pico-sdk/src/rp2_common/hardware_clocks/clocks.c.obj
                0x0000000010001af8                clock_configure
 .text.clocks_init
                0x0000000010001bfc      0x100 CMakeFiles/M0ZAHv1.dir/Users/james/Documents/cpp/pico-sdk/src/rp2_common/hardware_clocks/clocks.c.obj
                0x0000000010001bfc                clocks_init
 .text.set_raw_irq_handler_and_unlock
                0x0000000010001cfc       0x28 CMakeFiles/M0ZAHv1.dir/Users/james/Documents/cpp/pico-sdk/src/rp2_common/hardware_irq/irq.c.obj
 .text.make_branch
                0x0000000010001d24       0x34 CMakeFiles/M0ZAHv1.dir/Users/james/Documents/cpp/pico-sdk/src/rp2_common/hardware_irq/irq.c.obj
 .text.insert_branch_and_link
                0x0000000010001d58       0x40 CMakeFiles/M0ZAHv1.dir/Users/james/Documents/cpp/pico-sdk/src/rp2_common/hardware_irq/irq.c.obj
 .text.irq_is_enabled
                0x0000000010001d98       0x18 CMakeFiles/M0ZAHv1.dir/Users/james/Documents/cpp/pico-sdk/src/rp2_common/hardware_irq/irq.c.obj
                0x0000000010001d98                irq_is_enabled
 .text.irq_set_mask_enabled
                0x0000000010001db0       0x20 CMakeFiles/M0ZAHv1.dir/Users/james/Documents/cpp/pico-sdk/src/rp2_common/hardware_irq/irq.c.obj
                0x0000000010001db0                irq_set_mask_enabled
 .text.irq_set_enabled
                0x0000000010001dd0        0xe CMakeFiles/M0ZAHv1.dir/Users/james/Documents/cpp/pico-sdk/src/rp2_common/hardware_irq/irq.c.obj
                0x0000000010001dd0                irq_set_enabled
 *fill*         0x0000000010001dde        0x2 
 .text.irq_get_vtable_handler
                0x0000000010001de0       0x10 CMakeFiles/M0ZAHv1.dir/Users/james/Documents/cpp/pico-sdk/src/rp2_common/hardware_irq/irq.c.obj
                0x0000000010001de0                irq_get_vtable_handler
 .text.irq_set_exclusive_handler
                0x0000000010001df0       0x54 CMakeFiles/M0ZAHv1.dir/Users/james/Documents/cpp/pico-sdk/src/rp2_common/hardware_irq/irq.c.obj
                0x0000000010001df0                irq_set_exclusive_handler
 .text.irq_remove_handler
                0x0000000010001e44      0x1ac CMakeFiles/M0ZAHv1.dir/Users/james/Documents/cpp/pico-sdk/src/rp2_common/hardware_irq/irq.c.obj
                0x0000000010001e44                irq_remove_handler
 .text.irq_add_tail_to_free_list
                0x0000000010001ff0       0xf0 CMakeFiles/M0ZAHv1.dir/Users/james/Documents/cpp/pico-sdk/src/rp2_common/hardware_irq/irq.c.obj
                0x0000000010001ff0                irq_add_tail_to_free_list
 .text.irq_init_priorities
                0x00000000100020e0       0x1c CMakeFiles/M0ZAHv1.dir/Users/james/Documents/cpp/pico-sdk/src/rp2_common/hardware_irq/irq.c.obj
                0x00000000100020e0                irq_init_priorities
 .text.pll_init
                0x00000000100020fc      0x118 CMakeFiles/M0ZAHv1.dir/Users/james/Documents/cpp/pico-sdk/src/rp2_common/hardware_pll/pll.c.obj
                0x00000000100020fc                pll_init
 .text.watchdog_start_tick
                0x0000000010002214       0x10 CMakeFiles/M0ZAHv1.dir/Users/james/Documents/cpp/pico-sdk/src/rp2_common/hardware_watchdog/watchdog.c.obj
                0x0000000010002214                watchdog_start_tick
 .text.xosc_init
                0x0000000010002224       0x28 CMakeFiles/M0ZAHv1.dir/Users/james/Documents/cpp/pico-sdk/src/rp2_common/hardware_xosc/xosc.c.obj
                0x0000000010002224                xosc_init
 .text._out_null
                0x000000001000224c        0x2 CMakeFiles/M0ZAHv1.dir/Users/james/Documents/cpp/pico-sdk/src/rp2_common/pico_printf/printf.c.obj
 .text._out_fct
                0x000000001000224e        0xe CMakeFiles/M0ZAHv1.dir/Users/james/Documents/cpp/pico-sdk/src/rp2_common/pico_printf/printf.c.obj
 .text._atoi    0x000000001000225c       0x24 CMakeFiles/M0ZAHv1.dir/Users/james/Documents/cpp/pico-sdk/src/rp2_common/pico_printf/printf.c.obj
 .text._out_rev
                0x0000000010002280       0xae CMakeFiles/M0ZAHv1.dir/Users/james/Documents/cpp/pico-sdk/src/rp2_common/pico_printf/printf.c.obj
 .text._ntoa_format
                0x000000001000232e      0x112 CMakeFiles/M0ZAHv1.dir/Users/james/Documents/cpp/pico-sdk/src/rp2_common/pico_printf/printf.c.obj
 .text._ntoa_long
                0x0000000010002440       0xbc CMakeFiles/M0ZAHv1.dir/Users/james/Documents/cpp/pico-sdk/src/rp2_common/pico_printf/printf.c.obj
 .text._ntoa_long_long
                0x00000000100024fc       0xe2 CMakeFiles/M0ZAHv1.dir/Users/james/Documents/cpp/pico-sdk/src/rp2_common/pico_printf/printf.c.obj
 *fill*         0x00000000100025de        0x2 
 .text._etoa    0x00000000100025e0      0x414 CMakeFiles/M0ZAHv1.dir/Users/james/Documents/cpp/pico-sdk/src/rp2_common/pico_printf/printf.c.obj
 .text._ftoa    0x00000000100029f4      0x354 CMakeFiles/M0ZAHv1.dir/Users/james/Documents/cpp/pico-sdk/src/rp2_common/pico_printf/printf.c.obj
 .text._vsnprintf
                0x0000000010002d48      0x624 CMakeFiles/M0ZAHv1.dir/Users/james/Documents/cpp/pico-sdk/src/rp2_common/pico_printf/printf.c.obj
 .text.vfctprintf
                0x000000001000336c       0x20 CMakeFiles/M0ZAHv1.dir/Users/james/Documents/cpp/pico-sdk/src/rp2_common/pico_printf/printf.c.obj
                0x000000001000336c                vfctprintf
 .text          0x000000001000338c       0x10 CMakeFiles/M0ZAHv1.dir/Users/james/Documents/cpp/pico-sdk/src/rp2_common/pico_bit_ops/bit_ops_aeabi.S.obj
 .text.rom_func_lookup
                0x000000001000339c       0x10 CMakeFiles/M0ZAHv1.dir/Users/james/Documents/cpp/pico-sdk/src/rp2_common/pico_bootrom/bootrom.c.obj
                0x000000001000339c                rom_func_lookup
 .text.rom_data_lookup
                0x00000000100033ac       0x10 CMakeFiles/M0ZAHv1.dir/Users/james/Documents/cpp/pico-sdk/src/rp2_common/pico_bootrom/bootrom.c.obj
                0x00000000100033ac                rom_data_lookup
 .text.rom_funcs_lookup
                0x00000000100033bc       0x36 CMakeFiles/M0ZAHv1.dir/Users/james/Documents/cpp/pico-sdk/src/rp2_common/pico_bootrom/bootrom.c.obj
                0x00000000100033bc                rom_funcs_lookup
 *fill*         0x00000000100033f2        0x2 
 .text.__wrap___aeabi_idiv
                0x00000000100033f4       0x50 CMakeFiles/M0ZAHv1.dir/Users/james/Documents/cpp/pico-sdk/src/rp2_common/pico_divider/divider.S.obj
                0x00000000100033f4                __wrap___aeabi_idivmod
                0x00000000100033f4                divmod_s32s32
                0x00000000100033f4                div_s32s32
                0x00000000100033f4                __wrap___aeabi_idiv
                0x00000000100033fc                divmod_s32s32_unsafe
                0x0000000010003428                divmod_s32s32_savestate
 .text.__wrap___aeabi_uidiv
                0x0000000010003444       0x4c CMakeFiles/M0ZAHv1.dir/Users/james/Documents/cpp/pico-sdk/src/rp2_common/pico_divider/divider.S.obj
                0x0000000010003444                __wrap___aeabi_uidiv
                0x0000000010003444                __wrap___aeabi_uidivmod
                0x0000000010003444                div_u32u32
                0x0000000010003444                divmod_u32u32
                0x000000001000344c                divmod_u32u32_unsafe
                0x0000000010003474                divmod_u32u32_savestate
 .text.__wrap___aeabi_ldiv
                0x0000000010003490      0x434 CMakeFiles/M0ZAHv1.dir/Users/james/Documents/cpp/pico-sdk/src/rp2_common/pico_divider/divider.S.obj
                0x0000000010003490                __wrap___aeabi_ldivmod
                0x0000000010003490                div_s64s64
                0x0000000010003490                divmod_s64s64
                0x00000000100034c8                divmod_u64u64
                0x00000000100034c8                div_u64u64
                0x00000000100034c8                __wrap___aeabi_uldivmod
                0x00000000100034d8                divmod_u64u64_savestate
                0x0000000010003500                divmod_s64s64_unsafe
                0x0000000010003588                divmod_u64u64_unsafe
 .text.__wrap___aeabi_darithmetic
                0x00000000100038c4       0x80 CMakeFiles/M0ZAHv1.dir/Users/james/Documents/cpp/pico-sdk/src/rp2_common/pico_double/double_aeabi.S.obj
                0x00000000100038c4                __wrap___aeabi_drsub
                0x00000000100038ca                __wrap___aeabi_dsub
                0x00000000100038dc                __wrap___aeabi_dadd
                0x00000000100038ee                __wrap___aeabi_ddiv
                0x000000001000392a                __wrap___aeabi_dmul
 .text.__wrap___aeabi_cdcmple
                0x0000000010003944       0x6c CMakeFiles/M0ZAHv1.dir/Users/james/Documents/cpp/pico-sdk/src/rp2_common/pico_double/double_aeabi.S.obj
                0x0000000010003944                __wrap___aeabi_cdrcmple
                0x0000000010003954                __wrap___aeabi_cdcmple
                0x0000000010003954                __wrap___aeabi_cdcmpeq
 .text.__wrap___aeabi_dcmplt
                0x00000000100039b0        0xc CMakeFiles/M0ZAHv1.dir/Users/james/Documents/cpp/pico-sdk/src/rp2_common/pico_double/double_aeabi.S.obj
                0x00000000100039b0                __wrap___aeabi_dcmplt
 .text.__wrap___aeabi_dcmple
                0x00000000100039bc       0x10 CMakeFiles/M0ZAHv1.dir/Users/james/Documents/cpp/pico-sdk/src/rp2_common/pico_double/double_aeabi.S.obj
                0x00000000100039bc                __wrap___aeabi_dcmple
 .text.__wrap___aeabi_dcmpge
                0x00000000100039cc       0x10 CMakeFiles/M0ZAHv1.dir/Users/james/Documents/cpp/pico-sdk/src/rp2_common/pico_double/double_aeabi.S.obj
                0x00000000100039cc                __wrap___aeabi_dcmpge
 .text.__wrap___aeabi_dcmpgt
                0x00000000100039dc        0xa CMakeFiles/M0ZAHv1.dir/Users/james/Documents/cpp/pico-sdk/src/rp2_common/pico_double/double_aeabi.S.obj
                0x00000000100039dc                __wrap___aeabi_dcmpgt
 .text.__wrap___aeabi_dcmpun
                0x00000000100039e6       0x1c CMakeFiles/M0ZAHv1.dir/Users/james/Documents/cpp/pico-sdk/src/rp2_common/pico_double/double_aeabi.S.obj
                0x00000000100039e6                __wrap___aeabi_dcmpun
 *fill*         0x0000000010003a02        0x2 
 .text.__wrap___aeabi_i2d
                0x0000000010003a04       0x38 CMakeFiles/M0ZAHv1.dir/Users/james/Documents/cpp/pico-sdk/src/rp2_common/pico_double/double_aeabi.S.obj
                0x0000000010003a04                __wrap___aeabi_ui2d
                0x0000000010003a0c                __wrap___aeabi_i2d
 .text.__wrap___aeabi_d2iz
                0x0000000010003a3c       0x48 CMakeFiles/M0ZAHv1.dir/Users/james/Documents/cpp/pico-sdk/src/rp2_common/pico_double/double_aeabi.S.obj
                0x0000000010003a3c                __wrap___aeabi_d2iz
                0x0000000010003a3c                double2int_z
 .text.__wrap___aeabi_d2uiz
                0x0000000010003a84       0x18 CMakeFiles/M0ZAHv1.dir/Users/james/Documents/cpp/pico-sdk/src/rp2_common/pico_double/double_aeabi.S.obj
                0x0000000010003a84                double2uint
                0x0000000010003a84                __wrap___aeabi_d2uiz
 .text.__aeabi_double_init
                0x0000000010003a9c       0xc8 CMakeFiles/M0ZAHv1.dir/Users/james/Documents/cpp/pico-sdk/src/rp2_common/pico_double/double_init_rom.c.obj
                0x0000000010003a9c                __aeabi_double_init
 .text.double_table_shim_on_use_helper
                0x0000000010003b64       0x34 CMakeFiles/M0ZAHv1.dir/Users/james/Documents/cpp/pico-sdk/src/rp2_common/pico_double/double_v1_rom_shim.S.obj
                0x0000000010003b64                double_table_shim_on_use_helper
 .text.__wrap___aeabi_dsub
                0x0000000010003b98       0x10 CMakeFiles/M0ZAHv1.dir/Users/james/Documents/cpp/pico-sdk/src/rp2_common/pico_double/double_v1_rom_shim.S.obj
                0x0000000010003b98                drsub_shim
                0x0000000010003b9e                dsub_shim
 .text.dadd_shim
                0x0000000010003ba8      0x15c CMakeFiles/M0ZAHv1.dir/Users/james/Documents/cpp/pico-sdk/src/rp2_common/pico_double/double_v1_rom_shim.S.obj
                0x0000000010003ba8                dadd_shim
 .text.dmul_shim
                0x0000000010003d04      0x15c CMakeFiles/M0ZAHv1.dir/Users/james/Documents/cpp/pico-sdk/src/rp2_common/pico_double/double_v1_rom_shim.S.obj
                0x0000000010003d04                dmul_shim
 .text.ddiv_shim
                0x0000000010003e60      0x1b0 CMakeFiles/M0ZAHv1.dir/Users/james/Documents/cpp/pico-sdk/src/rp2_common/pico_double/double_v1_rom_shim.S.obj
                0x0000000010003e60                ddiv_shim
 .text.double2uint_shim
                0x0000000010004010        0xe CMakeFiles/M0ZAHv1.dir/Users/james/Documents/cpp/pico-sdk/src/rp2_common/pico_double/double_v1_rom_shim.S.obj
                0x0000000010004010                double2uint_shim
                0x0000000010004012                double2ufix_shim
 *fill*         0x000000001000401e        0x2 
 .text.double2uint64_shim
                0x0000000010004020       0x70 CMakeFiles/M0ZAHv1.dir/Users/james/Documents/cpp/pico-sdk/src/rp2_common/pico_double/double_v1_rom_shim.S.obj
                0x0000000010004020                double2uint64_shim
                0x0000000010004022                double2ufix64_shim
                0x0000000010004042                d2fix_a
 .text.dunpacks
                0x0000000010004090       0x3c CMakeFiles/M0ZAHv1.dir/Users/james/Documents/cpp/pico-sdk/src/rp2_common/pico_double/double_v1_rom_shim.S.obj
                0x0000000010004090                dunpacks
 .text.__aeabi_lmul
                0x00000000100040cc       0x32 CMakeFiles/M0ZAHv1.dir/Users/james/Documents/cpp/pico-sdk/src/rp2_common/pico_int64_ops/pico_int64_ops_aeabi.S.obj
                0x00000000100040cc                __wrap___aeabi_lmul
 *fill*         0x00000000100040fe        0x2 
 .text.__wrap___aeabi_farithmetic
                0x0000000010004100       0x58 CMakeFiles/M0ZAHv1.dir/Users/james/Documents/cpp/pico-sdk/src/rp2_common/pico_float/float_aeabi.S.obj
                0x0000000010004100                __wrap___aeabi_frsub
                0x0000000010004106                __wrap___aeabi_fsub
                0x0000000010004110                __wrap___aeabi_fadd
                0x000000001000411a                __wrap___aeabi_fdiv
                0x0000000010004146                __wrap___aeabi_fmul
 .text.__wrap___aeabi_ui2f
                0x0000000010004158        0xa CMakeFiles/M0ZAHv1.dir/Users/james/Documents/cpp/pico-sdk/src/rp2_common/pico_float/float_aeabi.S.obj
                0x0000000010004158                __wrap___aeabi_ui2f
 *fill*         0x0000000010004162        0x2 
 .text.__wrap___aeabi_i2f
                0x0000000010004164       0x44 CMakeFiles/M0ZAHv1.dir/Users/james/Documents/cpp/pico-sdk/src/rp2_common/pico_float/float_aeabi.S.obj
                0x0000000010004164                __wrap___aeabi_i2f
 .text.__wrap___aeabi_f2uiz
                0x00000000100041a8       0x10 CMakeFiles/M0ZAHv1.dir/Users/james/Documents/cpp/pico-sdk/src/rp2_common/pico_float/float_aeabi.S.obj
                0x00000000100041a8                __wrap___aeabi_f2uiz
 .text.__aeabi_float_init
                0x00000000100041b8       0xfc CMakeFiles/M0ZAHv1.dir/Users/james/Documents/cpp/pico-sdk/src/rp2_common/pico_float/float_init_rom.c.obj
                0x00000000100041b8                __aeabi_float_init
 .text.float_table_shim_on_use_helper
                0x00000000100042b4       0x34 CMakeFiles/M0ZAHv1.dir/Users/james/Documents/cpp/pico-sdk/src/rp2_common/pico_float/float_v1_rom_shim.S.obj
                0x00000000100042b4                float_table_shim_on_use_helper
 .text          0x00000000100042e8       0x10 CMakeFiles/M0ZAHv1.dir/Users/james/Documents/cpp/pico-sdk/src/rp2_common/pico_mem_ops/mem_ops_aeabi.S.obj
                0x00000000100042e8                __aeabi_mem_init
 .text.memset   0x00000000100042f8        0xc CMakeFiles/M0ZAHv1.dir/Users/james/Documents/cpp/pico-sdk/src/rp2_common/pico_mem_ops/mem_ops_aeabi.S.obj
                0x00000000100042f8                __wrap_memset
 .text.memcpy   0x0000000010004304        0xc CMakeFiles/M0ZAHv1.dir/Users/james/Documents/cpp/pico-sdk/src/rp2_common/pico_mem_ops/mem_ops_aeabi.S.obj
                0x0000000010004304                __wrap___aeabi_memcpy
                0x0000000010004304                __wrap_memcpy
 .text.stdio_out_chars_no_crlf
                0x0000000010004310        0xe CMakeFiles/M0ZAHv1.dir/Users/james/Documents/cpp/pico-sdk/src/rp2_common/pico_stdio/stdio.c.obj
 *fill*         0x000000001000431e        0x2 
 .text.stdio_out_chars_crlf
                0x0000000010004320       0x80 CMakeFiles/M0ZAHv1.dir/Users/james/Documents/cpp/pico-sdk/src/rp2_common/pico_stdio/stdio.c.obj
 .text.stdio_stack_buffer_flush
                0x00000000100043a0       0x44 CMakeFiles/M0ZAHv1.dir/Users/james/Documents/cpp/pico-sdk/src/rp2_common/pico_stdio/stdio.c.obj
 .text.stdio_buffered_printer
                0x00000000100043e4       0x20 CMakeFiles/M0ZAHv1.dir/Users/james/Documents/cpp/pico-sdk/src/rp2_common/pico_stdio/stdio.c.obj
 .text.stdout_serialize_begin
                0x0000000010004404       0x30 CMakeFiles/M0ZAHv1.dir/Users/james/Documents/cpp/pico-sdk/src/rp2_common/pico_stdio/stdio.c.obj
                0x0000000010004404                stdout_serialize_begin
 .text.stdout_serialize_end
                0x0000000010004434       0x10 CMakeFiles/M0ZAHv1.dir/Users/james/Documents/cpp/pico-sdk/src/rp2_common/pico_stdio/stdio.c.obj
                0x0000000010004434                stdout_serialize_end
 .text.stdio_put_string
                0x0000000010004444       0x98 CMakeFiles/M0ZAHv1.dir/Users/james/Documents/cpp/pico-sdk/src/rp2_common/pico_stdio/stdio.c.obj
 .text.stdio_flush
                0x00000000100044dc       0x20 CMakeFiles/M0ZAHv1.dir/Users/james/Documents/cpp/pico-sdk/src/rp2_common/pico_stdio/stdio.c.obj
                0x00000000100044dc                stdio_flush
 .text.__wrap_puts
                0x00000000100044fc       0x1e CMakeFiles/M0ZAHv1.dir/Users/james/Documents/cpp/pico-sdk/src/rp2_common/pico_stdio/stdio.c.obj
                0x00000000100044fc                __wrap_puts
 *fill*         0x000000001000451a        0x2 
 .text.__wrap_vprintf
                0x000000001000451c       0x44 CMakeFiles/M0ZAHv1.dir/Users/james/Documents/cpp/pico-sdk/src/rp2_common/pico_stdio/stdio.c.obj
                0x000000001000451c                __wrap_vprintf
 .text.__wrap_printf
                0x0000000010004560       0x18 CMakeFiles/M0ZAHv1.dir/Users/james/Documents/cpp/pico-sdk/src/rp2_common/pico_stdio/stdio.c.obj
                0x0000000010004560                __wrap_printf
 .text._retrieve_unique_id_on_boot
                0x0000000010004578       0x10 CMakeFiles/M0ZAHv1.dir/Users/james/Documents/cpp/pico-sdk/src/rp2_common/pico_unique_id/unique_id.c.obj
 .text.flash_get_unique_id
                0x0000000010004588       0x46 CMakeFiles/M0ZAHv1.dir/Users/james/Documents/cpp/pico-sdk/src/rp2_common/hardware_flash/flash.c.obj
                0x0000000010004588                flash_get_unique_id
 *fill*         0x00000000100045ce        0x2 
 .text.adc_init
                0x00000000100045d0       0x34 CMakeFiles/M0ZAHv1.dir/Users/james/Documents/cpp/pico-sdk/src/rp2_common/hardware_adc/adc.c.obj
                0x00000000100045d0                adc_init
 .text.strlen   0x0000000010004604       0x5c /usr/local/Cellar/arm-none-eabi-gcc/10.3-2021.07/gcc/bin/../lib/gcc/arm-none-eabi/10.3.1/../../../../arm-none-eabi/lib/thumb/v6-m/nofp/libg.a(lib_a-strlen-stub.o)
                0x0000000010004604                strlen
 *(.fini)
 .fini          0x0000000010004660        0x4 /usr/local/Cellar/arm-none-eabi-gcc/10.3-2021.07/gcc/bin/../lib/gcc/arm-none-eabi/10.3.1/thumb/v6-m/nofp/crti.o
                0x0000000010004660                _fini
 *fill*         0x0000000010004664        0x4 
 .fini.__stub   0x0000000010004668       0x60 linker stubs
 *crtbegin.o(.ctors)
 *crtbegin?.o(.ctors)
 *(EXCLUDE_FILE(*crtend.o *crtend?.o) .ctors)
 *(SORT_BY_NAME(.ctors.*))
 *(.ctors)
 *crtbegin.o(.dtors)
 *crtbegin?.o(.dtors)
 *(EXCLUDE_FILE(*crtend.o *crtend?.o) .dtors)
 *(SORT_BY_NAME(.dtors.*))
 *(.dtors)
 *(.eh_frame*)
 .eh_frame      0x00000000100046c8        0x0 /usr/local/Cellar/arm-none-eabi-gcc/10.3-2021.07/gcc/bin/../lib/gcc/arm-none-eabi/10.3.1/thumb/v6-m/nofp/crtbegin.o
                0x00000000100046c8                . = ALIGN (0x4)

.glue_7         0x00000000100046c8        0x0
 .glue_7        0x00000000100046c8        0x0 linker stubs

.glue_7t        0x00000000100046c8        0x0
 .glue_7t       0x00000000100046c8        0x0 linker stubs

.vfp11_veneer   0x00000000100046c8        0x0
 .vfp11_veneer  0x00000000100046c8        0x0 linker stubs

.v4_bx          0x00000000100046c8        0x0
 .v4_bx         0x00000000100046c8        0x0 linker stubs

.iplt           0x00000000100046c8        0x0
 .iplt          0x00000000100046c8        0x0 /usr/local/Cellar/arm-none-eabi-gcc/10.3-2021.07/gcc/bin/../lib/gcc/arm-none-eabi/10.3.1/thumb/v6-m/nofp/crtbegin.o

.rodata         0x00000000100046c8     0x1000
 *(EXCLUDE_FILE(*libm.a: *libc.a:*lib_a-mem*.o *libgcc.a:) .rodata*)
 .rodata.main.str1.4
                0x00000000100046c8        0x4 CMakeFiles/M0ZAHv1.dir/main.c.obj
 .rodata.str1.4
                0x00000000100046cc       0x24 CMakeFiles/M0ZAHv1.dir/main.c.obj
 .rodata.repeating_timer_callback.str1.4
                0x00000000100046f0       0x54 CMakeFiles/M0ZAHv1.dir/Users/james/Documents/cpp/pico-sdk/src/common/pico_time/time.c.obj
 .rodata.alarm_pool_dump_key.str1.4
                0x0000000010004744       0x33 CMakeFiles/M0ZAHv1.dir/Users/james/Documents/cpp/pico-sdk/src/common/pico_time/time.c.obj
 *fill*         0x0000000010004777        0x1 
 .rodata.ph_add_child_node.str1.4
                0x0000000010004778       0x9e CMakeFiles/M0ZAHv1.dir/Users/james/Documents/cpp/pico-sdk/src/common/pico_time/time.c.obj
 *fill*         0x0000000010004816        0x2 
 .rodata.add_alarm_under_lock.str1.4
                0x0000000010004818       0x28 CMakeFiles/M0ZAHv1.dir/Users/james/Documents/cpp/pico-sdk/src/common/pico_time/time.c.obj
                                         0x2b (size before relaxing)
 .rodata.alarm_pool_alarm_callback.str1.4
                0x0000000010004840       0xee CMakeFiles/M0ZAHv1.dir/Users/james/Documents/cpp/pico-sdk/src/common/pico_time/time.c.obj
 *fill*         0x000000001000492e        0x2 
 .rodata.alarm_pool_get_default.str1.4
                0x0000000010004930       0x21 CMakeFiles/M0ZAHv1.dir/Users/james/Documents/cpp/pico-sdk/src/common/pico_time/time.c.obj
 *fill*         0x0000000010004951        0x3 
 .rodata.sleep_until.str1.4
                0x0000000010004954       0x4d CMakeFiles/M0ZAHv1.dir/Users/james/Documents/cpp/pico-sdk/src/common/pico_time/time.c.obj
 *fill*         0x00000000100049a1        0x3 
 .rodata.__func__.10
                0x00000000100049a4       0x15 CMakeFiles/M0ZAHv1.dir/Users/james/Documents/cpp/pico-sdk/src/common/pico_time/time.c.obj
 *fill*         0x00000000100049b9        0x3 
 .rodata.__func__.11
                0x00000000100049bc       0x1a CMakeFiles/M0ZAHv1.dir/Users/james/Documents/cpp/pico-sdk/src/common/pico_time/time.c.obj
 *fill*         0x00000000100049d6        0x2 
 .rodata.__func__.12
                0x00000000100049d8        0xa CMakeFiles/M0ZAHv1.dir/Users/james/Documents/cpp/pico-sdk/src/common/pico_time/time.c.obj
 *fill*         0x00000000100049e2        0x2 
 .rodata.__func__.3
                0x00000000100049e4       0x17 CMakeFiles/M0ZAHv1.dir/Users/james/Documents/cpp/pico-sdk/src/common/pico_time/time.c.obj
 *fill*         0x00000000100049fb        0x1 
 .rodata.__func__.4
                0x00000000100049fc       0x12 CMakeFiles/M0ZAHv1.dir/Users/james/Documents/cpp/pico-sdk/src/common/pico_time/time.c.obj
 *fill*         0x0000000010004a0e        0x2 
 .rodata.__func__.5
                0x0000000010004a10        0xd CMakeFiles/M0ZAHv1.dir/Users/james/Documents/cpp/pico-sdk/src/common/pico_time/time.c.obj
 *fill*         0x0000000010004a1d        0x3 
 .rodata.__func__.6
                0x0000000010004a20       0x12 CMakeFiles/M0ZAHv1.dir/Users/james/Documents/cpp/pico-sdk/src/common/pico_time/time.c.obj
 *fill*         0x0000000010004a32        0x2 
 .rodata.__func__.7
                0x0000000010004a34        0xf CMakeFiles/M0ZAHv1.dir/Users/james/Documents/cpp/pico-sdk/src/common/pico_time/time.c.obj
 *fill*         0x0000000010004a43        0x1 
 .rodata.__func__.8
                0x0000000010004a44        0xc CMakeFiles/M0ZAHv1.dir/Users/james/Documents/cpp/pico-sdk/src/common/pico_time/time.c.obj
 .rodata.__func__.9
                0x0000000010004a50       0x15 CMakeFiles/M0ZAHv1.dir/Users/james/Documents/cpp/pico-sdk/src/common/pico_time/time.c.obj
 *fill*         0x0000000010004a65        0x3 
 .rodata.hardware_alarm_claim.str1.4
                0x0000000010004a68       0x22 CMakeFiles/M0ZAHv1.dir/Users/james/Documents/cpp/pico-sdk/src/rp2_common/hardware_timer/timer.c.obj
 *fill*         0x0000000010004a8a        0x2 
 .rodata.hardware_alarm_set_target.str1.4
                0x0000000010004a8c       0x6e CMakeFiles/M0ZAHv1.dir/Users/james/Documents/cpp/pico-sdk/src/rp2_common/hardware_timer/timer.c.obj
 *fill*         0x0000000010004afa        0x2 
 .rodata.__func__.0
                0x0000000010004afc       0x1a CMakeFiles/M0ZAHv1.dir/Users/james/Documents/cpp/pico-sdk/src/rp2_common/hardware_timer/timer.c.obj
 *fill*         0x0000000010004b16        0x2 
 .rodata.str1.4
                0x0000000010004b18       0x95 CMakeFiles/M0ZAHv1.dir/Users/james/Documents/cpp/pico-sdk/src/common/pico_sync/mutex.c.obj
                                        0x101 (size before relaxing)
 *fill*         0x0000000010004bad        0x3 
 .rodata.__func__.1
                0x0000000010004bb0        0xb CMakeFiles/M0ZAHv1.dir/Users/james/Documents/cpp/pico-sdk/src/common/pico_sync/mutex.c.obj
 .rodata.ph_add_child_node.str1.4
                0x0000000010004bbb       0x9e CMakeFiles/M0ZAHv1.dir/Users/james/Documents/cpp/pico-sdk/src/common/pico_util/pheap.c.obj
 *fill*         0x0000000010004bbb        0x1 
 .rodata.ph_remove_any_head.str1.4
                0x0000000010004bbc       0x98 CMakeFiles/M0ZAHv1.dir/Users/james/Documents/cpp/pico-sdk/src/common/pico_util/pheap.c.obj
 .rodata.ph_remove_and_free_node.str1.4
                0x0000000010004c54       0x26 CMakeFiles/M0ZAHv1.dir/Users/james/Documents/cpp/pico-sdk/src/common/pico_util/pheap.c.obj
 *fill*         0x0000000010004c7a        0x2 
 .rodata.__func__.0
                0x0000000010004c7c       0x18 CMakeFiles/M0ZAHv1.dir/Users/james/Documents/cpp/pico-sdk/src/common/pico_util/pheap.c.obj
 .rodata.__func__.1
                0x0000000010004c94       0x13 CMakeFiles/M0ZAHv1.dir/Users/james/Documents/cpp/pico-sdk/src/common/pico_util/pheap.c.obj
 *fill*         0x0000000010004ca7        0x1 
 .rodata.__func__.2
                0x0000000010004ca8       0x12 CMakeFiles/M0ZAHv1.dir/Users/james/Documents/cpp/pico-sdk/src/common/pico_util/pheap.c.obj
 *fill*         0x0000000010004cba        0x2 
 .rodata.__func__.3
                0x0000000010004cbc        0xc CMakeFiles/M0ZAHv1.dir/Users/james/Documents/cpp/pico-sdk/src/common/pico_util/pheap.c.obj
 .rodata.__assert_func.str1.4
                0x0000000010004cc8       0x3f CMakeFiles/M0ZAHv1.dir/Users/james/Documents/cpp/pico-sdk/src/rp2_common/pico_runtime/runtime.c.obj
                                         0x43 (size before relaxing)
 *fill*         0x0000000010004d07        0x1 
 .rodata.runtime_init.str1.4
                0x0000000010004d08       0x6a CMakeFiles/M0ZAHv1.dir/Users/james/Documents/cpp/pico-sdk/src/rp2_common/pico_runtime/runtime.c.obj
 *fill*         0x0000000010004d72        0x2 
 .rodata.panic.str1.4
                0x0000000010004d74       0x12 CMakeFiles/M0ZAHv1.dir/Users/james/Documents/cpp/pico-sdk/src/rp2_common/pico_runtime/runtime.c.obj
 *fill*         0x0000000010004d86        0x2 
 .rodata.__func__.1
                0x0000000010004d88        0xd CMakeFiles/M0ZAHv1.dir/Users/james/Documents/cpp/pico-sdk/src/rp2_common/pico_runtime/runtime.c.obj
 *fill*         0x0000000010004d95        0x3 
 .rodata.clock_configure.str1.4
                0x0000000010004d98       0x60 CMakeFiles/M0ZAHv1.dir/Users/james/Documents/cpp/pico-sdk/src/rp2_common/hardware_clocks/clocks.c.obj
 .rodata.__func__.1
                0x0000000010004df8       0x10 CMakeFiles/M0ZAHv1.dir/Users/james/Documents/cpp/pico-sdk/src/rp2_common/hardware_clocks/clocks.c.obj
 .rodata.make_branch.str1.4
                0x0000000010004e08       0x56 CMakeFiles/M0ZAHv1.dir/Users/james/Documents/cpp/pico-sdk/src/rp2_common/hardware_irq/irq.c.obj
 *fill*         0x0000000010004e5e        0x2 
 .rodata.irq_set_exclusive_handler.str1.4
                0x0000000010004e60       0x36 CMakeFiles/M0ZAHv1.dir/Users/james/Documents/cpp/pico-sdk/src/rp2_common/hardware_irq/irq.c.obj
 *fill*         0x0000000010004e96        0x2 
 .rodata.irq_add_shared_handler.str1.4
                0x0000000010004e98       0xd9 CMakeFiles/M0ZAHv1.dir/Users/james/Documents/cpp/pico-sdk/src/rp2_common/hardware_irq/irq.c.obj
 *fill*         0x0000000010004f71        0x3 
 .rodata.irq_remove_handler.str1.4
                0x0000000010004f74       0x2a CMakeFiles/M0ZAHv1.dir/Users/james/Documents/cpp/pico-sdk/src/rp2_common/hardware_irq/irq.c.obj
 *fill*         0x0000000010004f9e        0x2 
 .rodata.irq_add_tail_to_free_list.str1.4
                0x0000000010004fa0       0x32 CMakeFiles/M0ZAHv1.dir/Users/james/Documents/cpp/pico-sdk/src/rp2_common/hardware_irq/irq.c.obj
                                         0x3a (size before relaxing)
 *fill*         0x0000000010004fd2        0x2 
 .rodata.__func__.0
                0x0000000010004fd4       0x1a CMakeFiles/M0ZAHv1.dir/Users/james/Documents/cpp/pico-sdk/src/rp2_common/hardware_irq/irq.c.obj
 *fill*         0x0000000010004fee        0x2 
 .rodata.__func__.1
                0x0000000010004ff0       0x17 CMakeFiles/M0ZAHv1.dir/Users/james/Documents/cpp/pico-sdk/src/rp2_common/hardware_irq/irq.c.obj
 *fill*         0x0000000010005007        0x1 
 .rodata.__func__.2
                0x0000000010005008       0x13 CMakeFiles/M0ZAHv1.dir/Users/james/Documents/cpp/pico-sdk/src/rp2_common/hardware_irq/irq.c.obj
 *fill*         0x000000001000501b        0x1 
 .rodata.__func__.3
                0x000000001000501c        0xc CMakeFiles/M0ZAHv1.dir/Users/james/Documents/cpp/pico-sdk/src/rp2_common/hardware_irq/irq.c.obj
 .rodata.__func__.4
                0x0000000010005028        0xf CMakeFiles/M0ZAHv1.dir/Users/james/Documents/cpp/pico-sdk/src/rp2_common/hardware_irq/irq.c.obj
 *fill*         0x0000000010005037        0x1 
 .rodata.__func__.6
                0x0000000010005038       0x1a CMakeFiles/M0ZAHv1.dir/Users/james/Documents/cpp/pico-sdk/src/rp2_common/hardware_irq/irq.c.obj
 *fill*         0x0000000010005052        0x2 
 .rodata.pll_init.str1.4
                0x0000000010005054       0xe3 CMakeFiles/M0ZAHv1.dir/Users/james/Documents/cpp/pico-sdk/src/rp2_common/hardware_pll/pll.c.obj
 *fill*         0x0000000010005137        0x1 
 .rodata.__func__.0
                0x0000000010005138        0x9 CMakeFiles/M0ZAHv1.dir/Users/james/Documents/cpp/pico-sdk/src/rp2_common/hardware_pll/pll.c.obj
 *fill*         0x0000000010005141        0x3 
 .rodata._ftoa.str1.4
                0x0000000010005144       0x15 CMakeFiles/M0ZAHv1.dir/Users/james/Documents/cpp/pico-sdk/src/rp2_common/pico_printf/printf.c.obj
 *fill*         0x0000000010005159        0x3 
 .rodata._vsnprintf
                0x000000001000515c      0x1e0 CMakeFiles/M0ZAHv1.dir/Users/james/Documents/cpp/pico-sdk/src/rp2_common/pico_printf/printf.c.obj
 *fill*         0x000000001000533c        0x4 
 .rodata.pow10.0
                0x0000000010005340       0x50 CMakeFiles/M0ZAHv1.dir/Users/james/Documents/cpp/pico-sdk/src/rp2_common/pico_printf/printf.c.obj
 .rodata.__aeabi_double_init.str1.4
                0x0000000010005390       0xb1 CMakeFiles/M0ZAHv1.dir/Users/james/Documents/cpp/pico-sdk/src/rp2_common/pico_double/double_init_rom.c.obj
 *fill*         0x0000000010005441        0x3 
 .rodata.__func__.0
                0x0000000010005444       0x14 CMakeFiles/M0ZAHv1.dir/Users/james/Documents/cpp/pico-sdk/src/rp2_common/pico_double/double_init_rom.c.obj
 .rodata.__aeabi_float_init.str1.4
                0x0000000010005458       0x83 CMakeFiles/M0ZAHv1.dir/Users/james/Documents/cpp/pico-sdk/src/rp2_common/pico_float/float_init_rom.c.obj
                                         0x87 (size before relaxing)
 *fill*         0x00000000100054db        0x1 
 .rodata.__func__.0
                0x00000000100054dc       0x13 CMakeFiles/M0ZAHv1.dir/Users/james/Documents/cpp/pico-sdk/src/rp2_common/pico_float/float_init_rom.c.obj
 *fill*         0x00000000100054ef        0x1 
 .rodata.str1.4
                0x00000000100054f0       0x3c CMakeFiles/M0ZAHv1.dir/Users/james/Documents/cpp/pico-sdk/src/rp2_common/pico_standard_link/binary_info.c.obj
 .rodata.__bi_44
                0x000000001000552c        0xc CMakeFiles/M0ZAHv1.dir/Users/james/Documents/cpp/pico-sdk/src/rp2_common/pico_standard_link/binary_info.c.obj
 .rodata.__bi_75
                0x0000000010005538        0xc CMakeFiles/M0ZAHv1.dir/Users/james/Documents/cpp/pico-sdk/src/rp2_common/pico_standard_link/binary_info.c.obj
 .rodata.__bi_81
                0x0000000010005544        0xc CMakeFiles/M0ZAHv1.dir/Users/james/Documents/cpp/pico-sdk/src/rp2_common/pico_standard_link/binary_info.c.obj
 .rodata.crlf_str.3
                0x0000000010005550        0x2 CMakeFiles/M0ZAHv1.dir/Users/james/Documents/cpp/pico-sdk/src/rp2_common/pico_stdio/stdio.c.obj
 *fill*         0x0000000010005552        0x2 
 .rodata.str1.4
                0x0000000010005554      0x162 CMakeFiles/M0ZAHv1.dir/Users/james/Documents/cpp/pico-sdk/src/rp2_common/hardware_flash/flash.c.obj
 *fill*         0x00000000100056b6        0x2 
 .rodata.__func__.0
                0x00000000100056b8        0xd CMakeFiles/M0ZAHv1.dir/Users/james/Documents/cpp/pico-sdk/src/rp2_common/hardware_flash/flash.c.obj
                0x00000000100056c8                . = ALIGN (0x4)
 *fill*         0x00000000100056c5        0x3 
 *(SORT_BY_ALIGNMENT(SORT_BY_NAME(.flashdata*)))
                0x00000000100056c8                . = ALIGN (0x4)

.rel.dyn        0x00000000100056c8        0x0
 .rel.iplt      0x00000000100056c8        0x0 /usr/local/Cellar/arm-none-eabi-gcc/10.3-2021.07/gcc/bin/../lib/gcc/arm-none-eabi/10.3.1/thumb/v6-m/nofp/crtbegin.o

.ARM.extab
 *(.ARM.extab* .gnu.linkonce.armextab.*)
                0x00000000100056c8                __exidx_start = .

.ARM.exidx
 *(.ARM.exidx* .gnu.linkonce.armexidx.*)
                0x00000000100056c8                __exidx_end = .
                0x00000000100056c8                . = ALIGN (0x4)
                0x00000000100056c8                __binary_info_start = .

.binary_info    0x00000000100056c8       0x1c
 *(.binary_info.keep.*)
 .binary_info.keep.__bi_ptr22
                0x00000000100056c8        0x4 CMakeFiles/M0ZAHv1.dir/Users/james/Documents/cpp/pico-sdk/src/rp2_common/pico_standard_link/binary_info.c.obj
 .binary_info.keep.__bi_ptr30
                0x00000000100056cc        0x4 CMakeFiles/M0ZAHv1.dir/Users/james/Documents/cpp/pico-sdk/src/rp2_common/pico_standard_link/binary_info.c.obj
 .binary_info.keep.__bi_ptr38
                0x00000000100056d0        0x4 CMakeFiles/M0ZAHv1.dir/Users/james/Documents/cpp/pico-sdk/src/rp2_common/pico_standard_link/binary_info.c.obj
 .binary_info.keep.__bi_ptr44
                0x00000000100056d4        0x4 CMakeFiles/M0ZAHv1.dir/Users/james/Documents/cpp/pico-sdk/src/rp2_common/pico_standard_link/binary_info.c.obj
 .binary_info.keep.__bi_ptr50
                0x00000000100056d8        0x4 CMakeFiles/M0ZAHv1.dir/Users/james/Documents/cpp/pico-sdk/src/rp2_common/pico_standard_link/binary_info.c.obj
 .binary_info.keep.__bi_ptr75
                0x00000000100056dc        0x4 CMakeFiles/M0ZAHv1.dir/Users/james/Documents/cpp/pico-sdk/src/rp2_common/pico_standard_link/binary_info.c.obj
 .binary_info.keep.__bi_ptr81
                0x00000000100056e0        0x4 CMakeFiles/M0ZAHv1.dir/Users/james/Documents/cpp/pico-sdk/src/rp2_common/pico_standard_link/binary_info.c.obj
 *(.binary_info.*)
                0x00000000100056e4                __binary_info_end = .
                0x00000000100056e4                . = ALIGN (0x4)
                0x00000000100056e4                __etext = .

.ram_vector_table
                0x0000000020000000       0xc0
 *(.ram_vector_table)
 .ram_vector_table
                0x0000000020000000       0xc0 CMakeFiles/M0ZAHv1.dir/Users/james/Documents/cpp/pico-sdk/src/rp2_common/pico_runtime/runtime.c.obj
                0x0000000020000000                ram_vector_table

.data           0x00000000200000c0      0x300 load address 0x00000000100056e4
                0x00000000200000c0                __data_start__ = .
 *(vtable)
 *(.time_critical*)
 .time_critical.mutex_enter_blocking
                0x00000000200000c0       0x48 CMakeFiles/M0ZAHv1.dir/Users/james/Documents/cpp/pico-sdk/src/common/pico_sync/mutex.c.obj
                0x00000000200000c0                mutex_enter_blocking
 .time_critical.mutex_try_enter
                0x0000000020000108       0x46 CMakeFiles/M0ZAHv1.dir/Users/james/Documents/cpp/pico-sdk/src/common/pico_sync/mutex.c.obj
                0x0000000020000108                mutex_try_enter
 *fill*         0x000000002000014e        0x2 
 .time_critical.mutex_exit
                0x0000000020000150       0x4c CMakeFiles/M0ZAHv1.dir/Users/james/Documents/cpp/pico-sdk/src/common/pico_sync/mutex.c.obj
                0x0000000020000150                mutex_exit
 .time_critical.flash_init_boot2_copyout
                0x000000002000019c       0x30 CMakeFiles/M0ZAHv1.dir/Users/james/Documents/cpp/pico-sdk/src/rp2_common/hardware_flash/flash.c.obj
 .time_critical.flash_enable_xip_via_boot2
                0x00000000200001cc       0x10 CMakeFiles/M0ZAHv1.dir/Users/james/Documents/cpp/pico-sdk/src/rp2_common/hardware_flash/flash.c.obj
 .time_critical.flash_cs_force
                0x00000000200001dc       0x28 CMakeFiles/M0ZAHv1.dir/Users/james/Documents/cpp/pico-sdk/src/rp2_common/hardware_flash/flash.c.obj
 .time_critical.flash_do_cmd
                0x0000000020000204       0xd8 CMakeFiles/M0ZAHv1.dir/Users/james/Documents/cpp/pico-sdk/src/rp2_common/hardware_flash/flash.c.obj
                0x0000000020000204                flash_do_cmd
 *(.text*)
 .text          0x00000000200002dc        0x4 /usr/local/Cellar/arm-none-eabi-gcc/10.3-2021.07/gcc/bin/../lib/gcc/arm-none-eabi/10.3.1/thumb/v6-m/nofp/libgcc.a(_dvmd_tls.o)
                0x00000000200002dc                __aeabi_ldiv0
                0x00000000200002dc                __aeabi_idiv0
 .text.__stub   0x00000000200002e0       0x10 linker stubs
                0x00000000200002f0                . = ALIGN (0x4)
 *(.rodata*)
                0x00000000200002f0                . = ALIGN (0x4)
 *(.data*)
 .data.morse    0x00000000200002f0       0x18 CMakeFiles/M0ZAHv1.dir/main.c.obj
                0x00000000200002f0                morse
 .data.striped_spin_lock_num
                0x0000000020000308        0x1 CMakeFiles/M0ZAHv1.dir/Users/james/Documents/cpp/pico-sdk/src/rp2_common/hardware_sync/sync.c.obj
 *fill*         0x0000000020000309        0x3 
 .data.default_alarm_pool
                0x000000002000030c       0x18 CMakeFiles/M0ZAHv1.dir/Users/james/Documents/cpp/pico-sdk/src/common/pico_time/time.c.obj
 .data.default_alarm_pool_heap
                0x0000000020000324       0x10 CMakeFiles/M0ZAHv1.dir/Users/james/Documents/cpp/pico-sdk/src/common/pico_time/time.c.obj
 .data          0x0000000020000334       0x48 CMakeFiles/M0ZAHv1.dir/Users/james/Documents/cpp/pico-sdk/src/rp2_common/hardware_irq/irq_handler_chain.S.obj
                0x0000000020000334                irq_handler_chain_slots
                0x0000000020000364                irq_handler_chain_first_slot
                0x000000002000036e                irq_handler_chain_remove_tail
 *fill*         0x000000002000037c        0x4 
 .data.aeabi_bits_funcs
                0x0000000020000380       0x10 CMakeFiles/M0ZAHv1.dir/Users/james/Documents/cpp/pico-sdk/src/rp2_common/pico_bit_ops/bit_ops_aeabi.S.obj
                0x0000000020000380                aeabi_bits_funcs
                0x0000000020000390                aeabi_bits_funcs_end
 .data.aeabi_mem_funcs
                0x0000000020000390       0x10 CMakeFiles/M0ZAHv1.dir/Users/james/Documents/cpp/pico-sdk/src/rp2_common/pico_mem_ops/mem_ops_aeabi.S.obj
                0x0000000020000390                aeabi_mem_funcs
                0x00000000200003a0                aeabi_mem_funcs_end
                0x00000000200003a0                . = ALIGN (0x4)
 *(.after_data.*)
                0x00000000200003a0                . = ALIGN (0x4)
                0x00000000200003a0                PROVIDE (__mutex_array_start = .)
 *(SORT_BY_NAME(.mutex_array.*))
 *(.mutex_array)
 .mutex_array   0x00000000200003a0        0x8 CMakeFiles/M0ZAHv1.dir/Users/james/Documents/cpp/pico-sdk/src/rp2_common/pico_stdio/stdio.c.obj
                0x00000000200003a8                PROVIDE (__mutex_array_end = .)
                0x00000000200003a8                . = ALIGN (0x4)
                0x00000000200003a8                PROVIDE (__preinit_array_start = .)
 *(SORT_BY_NAME(.preinit_array.*))
 .preinit_array.00001
                0x00000000200003a8        0x4 CMakeFiles/M0ZAHv1.dir/Users/james/Documents/cpp/pico-sdk/src/rp2_common/pico_mem_ops/mem_ops_aeabi.S.obj
 .preinit_array.00010
                0x00000000200003ac        0x4 CMakeFiles/M0ZAHv1.dir/Users/james/Documents/cpp/pico-sdk/src/rp2_common/pico_bit_ops/bit_ops_aeabi.S.obj
 .preinit_array.00020
                0x00000000200003b0        0x4 CMakeFiles/M0ZAHv1.dir/Users/james/Documents/cpp/pico-sdk/src/rp2_common/pico_double/double_aeabi.S.obj
 .preinit_array.00020
                0x00000000200003b4        0x4 CMakeFiles/M0ZAHv1.dir/Users/james/Documents/cpp/pico-sdk/src/rp2_common/pico_float/float_aeabi.S.obj
 *(.preinit_array)
                0x00000000200003b8                PROVIDE (__preinit_array_end = .)
                0x00000000200003b8                . = ALIGN (0x4)
                0x00000000200003b8                PROVIDE (__init_array_start = .)
 *(SORT_BY_NAME(.init_array.*))
 *(.init_array)
 .init_array    0x00000000200003b8        0x4 /usr/local/Cellar/arm-none-eabi-gcc/10.3-2021.07/gcc/bin/../lib/gcc/arm-none-eabi/10.3.1/thumb/v6-m/nofp/crtbegin.o
 .init_array    0x00000000200003bc        0x4 CMakeFiles/M0ZAHv1.dir/Users/james/Documents/cpp/pico-sdk/src/rp2_common/pico_unique_id/unique_id.c.obj
                0x00000000200003c0                PROVIDE (__init_array_end = .)
                0x00000000200003c0                . = ALIGN (0x4)
                [!provide]                        PROVIDE (__fini_array_start = .)
 *(SORT_BY_NAME(.fini_array.*))
 *(.fini_array)
                [!provide]                        PROVIDE (__fini_array_end = .)
 *(.jcr)
                0x00000000200003c0                . = ALIGN (0x4)
                0x00000000200003c0                __data_end__ = .

.igot.plt       0x00000000200003c0        0x0 load address 0x00000000100059e4
 .igot.plt      0x00000000200003c0        0x0 /usr/local/Cellar/arm-none-eabi-gcc/10.3-2021.07/gcc/bin/../lib/gcc/arm-none-eabi/10.3.1/thumb/v6-m/nofp/crtbegin.o

.uninitialized_data
                0x00000000200003c0        0x0 load address 0x00000000100059e4
                0x00000000200003c0                . = ALIGN (0x4)
 *(.uninitialized_data*)

.scratch_x      0x0000000020040000        0x0 load address 0x00000000100059e4
                0x0000000020040000                __scratch_x_start__ = .
 *(.scratch_x.*)
                0x0000000020040000                . = ALIGN (0x4)
                0x0000000020040000                __scratch_x_end__ = .
                0x00000000100059e4                __scratch_x_source__ = LOADADDR (.scratch_x)

.scratch_y      0x0000000020041000        0x0 load address 0x00000000100059e4
                0x0000000020041000                __scratch_y_start__ = .
 *(.scratch_y.*)
                0x0000000020041000                . = ALIGN (0x4)
                0x0000000020041000                __scratch_y_end__ = .
                0x00000000100059e4                __scratch_y_source__ = LOADADDR (.scratch_y)

.bss            0x00000000200003c0      0x4d4
                0x00000000200003c0                . = ALIGN (0x4)
                0x00000000200003c0                __bss_start__ = .
 *(SORT_BY_ALIGNMENT(SORT_BY_NAME(.bss*)))
 .bss.default_alarm_pool_entries
                0x00000000200003c0      0x100 CMakeFiles/M0ZAHv1.dir/Users/james/Documents/cpp/pico-sdk/src/common/pico_time/time.c.obj
 .bss           0x00000000200004c0       0x1c /usr/local/Cellar/arm-none-eabi-gcc/10.3-2021.07/gcc/bin/../lib/gcc/arm-none-eabi/10.3.1/thumb/v6-m/nofp/crtbegin.o
 .bss.alarm_callbacks
                0x00000000200004dc       0x10 CMakeFiles/M0ZAHv1.dir/Users/james/Documents/cpp/pico-sdk/src/rp2_common/hardware_timer/timer.c.obj
 .bss.boot2_copyout
                0x00000000200004ec      0x100 CMakeFiles/M0ZAHv1.dir/Users/james/Documents/cpp/pico-sdk/src/rp2_common/hardware_flash/flash.c.obj
 .bss.configured_freq
                0x00000000200005ec       0x28 CMakeFiles/M0ZAHv1.dir/Users/james/Documents/cpp/pico-sdk/src/rp2_common/hardware_clocks/clocks.c.obj
 .bss.default_alarm_pool_entry_ids_high
                0x0000000020000614       0x10 CMakeFiles/M0ZAHv1.dir/Users/james/Documents/cpp/pico-sdk/src/common/pico_time/time.c.obj
 .bss.default_alarm_pool_heap_nodes
                0x0000000020000624       0x30 CMakeFiles/M0ZAHv1.dir/Users/james/Documents/cpp/pico-sdk/src/common/pico_time/time.c.obj
 .bss.drivers   0x0000000020000654        0x4 CMakeFiles/M0ZAHv1.dir/Users/james/Documents/cpp/pico-sdk/src/rp2_common/pico_stdio/stdio.c.obj
 .bss.filter    0x0000000020000658        0x4 CMakeFiles/M0ZAHv1.dir/Users/james/Documents/cpp/pico-sdk/src/rp2_common/pico_stdio/stdio.c.obj
 .bss.pools     0x000000002000065c       0x10 CMakeFiles/M0ZAHv1.dir/Users/james/Documents/cpp/pico-sdk/src/common/pico_time/time.c.obj
 .bss.retrieved_id
                0x000000002000066c        0x8 CMakeFiles/M0ZAHv1.dir/Users/james/Documents/cpp/pico-sdk/src/rp2_common/pico_unique_id/unique_id.c.obj
 .bss.sd_table  0x0000000020000674      0x100 CMakeFiles/M0ZAHv1.dir/Users/james/Documents/cpp/pico-sdk/src/rp2_common/pico_double/double_init_rom.c.obj
                0x0000000020000674                sd_table
 .bss.sf_clz_func
                0x0000000020000774        0x4 CMakeFiles/M0ZAHv1.dir/Users/james/Documents/cpp/pico-sdk/src/rp2_common/pico_double/double_init_rom.c.obj
                0x0000000020000774                sf_clz_func
 .bss.sf_table  0x0000000020000778      0x100 CMakeFiles/M0ZAHv1.dir/Users/james/Documents/cpp/pico-sdk/src/rp2_common/pico_float/float_init_rom.c.obj
                0x0000000020000778                sf_table
 .bss.sleep_notifier
                0x0000000020000878        0x4 CMakeFiles/M0ZAHv1.dir/Users/james/Documents/cpp/pico-sdk/src/common/pico_time/time.c.obj
 .bss.target_hi
                0x000000002000087c       0x10 CMakeFiles/M0ZAHv1.dir/Users/james/Documents/cpp/pico-sdk/src/rp2_common/hardware_timer/timer.c.obj
 .bss.boot2_copyout_valid
                0x000000002000088c        0x1 CMakeFiles/M0ZAHv1.dir/Users/james/Documents/cpp/pico-sdk/src/rp2_common/hardware_flash/flash.c.obj
 .bss.claimed   0x000000002000088d        0x1 CMakeFiles/M0ZAHv1.dir/Users/james/Documents/cpp/pico-sdk/src/rp2_common/hardware_timer/timer.c.obj
 .bss.irq_hander_chain_free_slot_head
                0x000000002000088e        0x1 CMakeFiles/M0ZAHv1.dir/Users/james/Documents/cpp/pico-sdk/src/rp2_common/hardware_irq/irq.c.obj
 .bss.mustid    0x000000002000088f        0x1 CMakeFiles/M0ZAHv1.dir/main.c.obj
                0x000000002000088f                mustid
 .bss.timer_callbacks_pending
                0x0000000020000890        0x1 CMakeFiles/M0ZAHv1.dir/Users/james/Documents/cpp/pico-sdk/src/rp2_common/hardware_timer/timer.c.obj
 *(COMMON)
                0x0000000020000894                . = ALIGN (0x4)
 *fill*         0x0000000020000891        0x3 
                0x0000000020000894                __bss_end__ = .

.heap           0x0000000020000894      0x800
                0x0000000020000894                __end__ = .
                0x0000000020000894                end = __end__
 *(.heap*)
 .heap          0x0000000020000894      0x800 CMakeFiles/M0ZAHv1.dir/Users/james/Documents/cpp/pico-sdk/src/rp2_common/pico_standard_link/crt0.S.obj
                0x0000000020001094                __HeapLimit = .

.stack1_dummy   0x0000000020040000        0x0
 *(.stack1*)

.stack_dummy    0x0000000020041000      0x800
 *(.stack*)
 .stack         0x0000000020041000      0x800 CMakeFiles/M0ZAHv1.dir/Users/james/Documents/cpp/pico-sdk/src/rp2_common/pico_standard_link/crt0.S.obj

.flash_end      0x00000000100059e4        0x0
                0x00000000100059e4                __flash_binary_end = .
                0x0000000020040000                __StackLimit = (ORIGIN (RAM) + LENGTH (RAM))
                0x0000000020041000                __StackOneTop = (ORIGIN (SCRATCH_X) + LENGTH (SCRATCH_X))
                0x0000000020042000                __StackTop = (ORIGIN (SCRATCH_Y) + LENGTH (SCRATCH_Y))
                0x0000000020041000                __StackOneBottom = (__StackOneTop - SIZEOF (.stack1_dummy))
                0x0000000020041800                __StackBottom = (__StackTop - SIZEOF (.stack_dummy))
                0x0000000020042000                PROVIDE (__stack = __StackTop)
                0x0000000000000001                ASSERT ((__StackLimit >= __HeapLimit), region RAM overflowed)
                0x0000000000000001                ASSERT (((__binary_info_header_end - __logical_binary_start) <= 0x100), Binary info must be in first 256 bytes of the binary)
LOAD CMakeFiles/M0ZAHv1.dir/main.c.obj
LOAD CMakeFiles/M0ZAHv1.dir/Users/james/Documents/cpp/pico-sdk/src/rp2_common/pico_stdlib/stdlib.c.obj
LOAD CMakeFiles/M0ZAHv1.dir/Users/james/Documents/cpp/pico-sdk/src/rp2_common/hardware_gpio/gpio.c.obj
LOAD CMakeFiles/M0ZAHv1.dir/Users/james/Documents/cpp/pico-sdk/src/rp2_common/hardware_claim/claim.c.obj
LOAD CMakeFiles/M0ZAHv1.dir/Users/james/Documents/cpp/pico-sdk/src/rp2_common/pico_platform/platform.c.obj
LOAD CMakeFiles/M0ZAHv1.dir/Users/james/Documents/cpp/pico-sdk/src/rp2_common/hardware_sync/sync.c.obj
LOAD CMakeFiles/M0ZAHv1.dir/Users/james/Documents/cpp/pico-sdk/src/rp2_common/hardware_uart/uart.c.obj
LOAD CMakeFiles/M0ZAHv1.dir/Users/james/Documents/cpp/pico-sdk/src/rp2_common/hardware_divider/divider.S.obj
LOAD CMakeFiles/M0ZAHv1.dir/Users/james/Documents/cpp/pico-sdk/src/common/pico_time/time.c.obj
LOAD CMakeFiles/M0ZAHv1.dir/Users/james/Documents/cpp/pico-sdk/src/common/pico_time/timeout_helper.c.obj
LOAD CMakeFiles/M0ZAHv1.dir/Users/james/Documents/cpp/pico-sdk/src/rp2_common/hardware_timer/timer.c.obj
LOAD CMakeFiles/M0ZAHv1.dir/Users/james/Documents/cpp/pico-sdk/src/common/pico_sync/sem.c.obj
LOAD CMakeFiles/M0ZAHv1.dir/Users/james/Documents/cpp/pico-sdk/src/common/pico_sync/lock_core.c.obj
LOAD CMakeFiles/M0ZAHv1.dir/Users/james/Documents/cpp/pico-sdk/src/common/pico_sync/mutex.c.obj
LOAD CMakeFiles/M0ZAHv1.dir/Users/james/Documents/cpp/pico-sdk/src/common/pico_sync/critical_section.c.obj
LOAD CMakeFiles/M0ZAHv1.dir/Users/james/Documents/cpp/pico-sdk/src/common/pico_util/datetime.c.obj
LOAD CMakeFiles/M0ZAHv1.dir/Users/james/Documents/cpp/pico-sdk/src/common/pico_util/pheap.c.obj
LOAD CMakeFiles/M0ZAHv1.dir/Users/james/Documents/cpp/pico-sdk/src/common/pico_util/queue.c.obj
LOAD CMakeFiles/M0ZAHv1.dir/Users/james/Documents/cpp/pico-sdk/src/rp2_common/pico_runtime/runtime.c.obj
LOAD CMakeFiles/M0ZAHv1.dir/Users/james/Documents/cpp/pico-sdk/src/rp2_common/hardware_clocks/clocks.c.obj
LOAD CMakeFiles/M0ZAHv1.dir/Users/james/Documents/cpp/pico-sdk/src/rp2_common/hardware_irq/irq.c.obj
LOAD CMakeFiles/M0ZAHv1.dir/Users/james/Documents/cpp/pico-sdk/src/rp2_common/hardware_irq/irq_handler_chain.S.obj
LOAD CMakeFiles/M0ZAHv1.dir/Users/james/Documents/cpp/pico-sdk/src/rp2_common/hardware_pll/pll.c.obj
LOAD CMakeFiles/M0ZAHv1.dir/Users/james/Documents/cpp/pico-sdk/src/rp2_common/hardware_vreg/vreg.c.obj
LOAD CMakeFiles/M0ZAHv1.dir/Users/james/Documents/cpp/pico-sdk/src/rp2_common/hardware_watchdog/watchdog.c.obj
LOAD CMakeFiles/M0ZAHv1.dir/Users/james/Documents/cpp/pico-sdk/src/rp2_common/hardware_xosc/xosc.c.obj
LOAD CMakeFiles/M0ZAHv1.dir/Users/james/Documents/cpp/pico-sdk/src/rp2_common/pico_printf/printf.c.obj
LOAD CMakeFiles/M0ZAHv1.dir/Users/james/Documents/cpp/pico-sdk/src/rp2_common/pico_bit_ops/bit_ops_aeabi.S.obj
LOAD CMakeFiles/M0ZAHv1.dir/Users/james/Documents/cpp/pico-sdk/src/rp2_common/pico_bootrom/bootrom.c.obj
LOAD CMakeFiles/M0ZAHv1.dir/Users/james/Documents/cpp/pico-sdk/src/rp2_common/pico_divider/divider.S.obj
LOAD CMakeFiles/M0ZAHv1.dir/Users/james/Documents/cpp/pico-sdk/src/rp2_common/pico_double/double_aeabi.S.obj
LOAD CMakeFiles/M0ZAHv1.dir/Users/james/Documents/cpp/pico-sdk/src/rp2_common/pico_double/double_init_rom.c.obj
LOAD CMakeFiles/M0ZAHv1.dir/Users/james/Documents/cpp/pico-sdk/src/rp2_common/pico_double/double_math.c.obj
LOAD CMakeFiles/M0ZAHv1.dir/Users/james/Documents/cpp/pico-sdk/src/rp2_common/pico_double/double_v1_rom_shim.S.obj
LOAD CMakeFiles/M0ZAHv1.dir/Users/james/Documents/cpp/pico-sdk/src/rp2_common/pico_int64_ops/pico_int64_ops_aeabi.S.obj
LOAD CMakeFiles/M0ZAHv1.dir/Users/james/Documents/cpp/pico-sdk/src/rp2_common/pico_float/float_aeabi.S.obj
LOAD CMakeFiles/M0ZAHv1.dir/Users/james/Documents/cpp/pico-sdk/src/rp2_common/pico_float/float_init_rom.c.obj
LOAD CMakeFiles/M0ZAHv1.dir/Users/james/Documents/cpp/pico-sdk/src/rp2_common/pico_float/float_math.c.obj
LOAD CMakeFiles/M0ZAHv1.dir/Users/james/Documents/cpp/pico-sdk/src/rp2_common/pico_float/float_v1_rom_shim.S.obj
LOAD CMakeFiles/M0ZAHv1.dir/Users/james/Documents/cpp/pico-sdk/src/rp2_common/pico_malloc/pico_malloc.c.obj
LOAD CMakeFiles/M0ZAHv1.dir/Users/james/Documents/cpp/pico-sdk/src/rp2_common/pico_mem_ops/mem_ops_aeabi.S.obj
LOAD CMakeFiles/M0ZAHv1.dir/Users/james/Documents/cpp/pico-sdk/src/rp2_common/pico_standard_link/crt0.S.obj
LOAD CMakeFiles/M0ZAHv1.dir/Users/james/Documents/cpp/pico-sdk/src/rp2_common/pico_standard_link/new_delete.cpp.obj
LOAD CMakeFiles/M0ZAHv1.dir/Users/james/Documents/cpp/pico-sdk/src/rp2_common/pico_standard_link/binary_info.c.obj
LOAD CMakeFiles/M0ZAHv1.dir/Users/james/Documents/cpp/pico-sdk/src/rp2_common/pico_stdio/stdio.c.obj
LOAD CMakeFiles/M0ZAHv1.dir/Users/james/Documents/cpp/pico-sdk/src/rp2_common/pico_stdio_uart/stdio_uart.c.obj
LOAD CMakeFiles/M0ZAHv1.dir/Users/james/Documents/cpp/pico-sdk/src/rp2_common/pico_stdio_usb/reset_interface.c.obj
LOAD CMakeFiles/M0ZAHv1.dir/Users/james/Documents/cpp/pico-sdk/src/rp2_common/pico_stdio_usb/stdio_usb.c.obj
LOAD CMakeFiles/M0ZAHv1.dir/Users/james/Documents/cpp/pico-sdk/src/rp2_common/pico_stdio_usb/stdio_usb_descriptors.c.obj
LOAD CMakeFiles/M0ZAHv1.dir/Users/james/Documents/cpp/pico-sdk/lib/tinyusb/src/portable/raspberrypi/rp2040/dcd_rp2040.c.obj
LOAD CMakeFiles/M0ZAHv1.dir/Users/james/Documents/cpp/pico-sdk/lib/tinyusb/src/portable/raspberrypi/rp2040/rp2040_usb.c.obj
LOAD CMakeFiles/M0ZAHv1.dir/Users/james/Documents/cpp/pico-sdk/lib/tinyusb/src/device/usbd.c.obj
LOAD CMakeFiles/M0ZAHv1.dir/Users/james/Documents/cpp/pico-sdk/lib/tinyusb/src/device/usbd_control.c.obj
LOAD CMakeFiles/M0ZAHv1.dir/Users/james/Documents/cpp/pico-sdk/lib/tinyusb/src/class/audio/audio_device.c.obj
LOAD CMakeFiles/M0ZAHv1.dir/Users/james/Documents/cpp/pico-sdk/lib/tinyusb/src/class/cdc/cdc_device.c.obj
LOAD CMakeFiles/M0ZAHv1.dir/Users/james/Documents/cpp/pico-sdk/lib/tinyusb/src/class/dfu/dfu_device.c.obj
LOAD CMakeFiles/M0ZAHv1.dir/Users/james/Documents/cpp/pico-sdk/lib/tinyusb/src/class/dfu/dfu_rt_device.c.obj
LOAD CMakeFiles/M0ZAHv1.dir/Users/james/Documents/cpp/pico-sdk/lib/tinyusb/src/class/hid/hid_device.c.obj
LOAD CMakeFiles/M0ZAHv1.dir/Users/james/Documents/cpp/pico-sdk/lib/tinyusb/src/class/midi/midi_device.c.obj
LOAD CMakeFiles/M0ZAHv1.dir/Users/james/Documents/cpp/pico-sdk/lib/tinyusb/src/class/msc/msc_device.c.obj
LOAD CMakeFiles/M0ZAHv1.dir/Users/james/Documents/cpp/pico-sdk/lib/tinyusb/src/class/net/ecm_rndis_device.c.obj
LOAD CMakeFiles/M0ZAHv1.dir/Users/james/Documents/cpp/pico-sdk/lib/tinyusb/src/class/net/ncm_device.c.obj
LOAD CMakeFiles/M0ZAHv1.dir/Users/james/Documents/cpp/pico-sdk/lib/tinyusb/src/class/usbtmc/usbtmc_device.c.obj
LOAD CMakeFiles/M0ZAHv1.dir/Users/james/Documents/cpp/pico-sdk/lib/tinyusb/src/class/vendor/vendor_device.c.obj
LOAD CMakeFiles/M0ZAHv1.dir/Users/james/Documents/cpp/pico-sdk/lib/tinyusb/src/class/video/video_device.c.obj
LOAD CMakeFiles/M0ZAHv1.dir/Users/james/Documents/cpp/pico-sdk/lib/tinyusb/src/tusb.c.obj
LOAD CMakeFiles/M0ZAHv1.dir/Users/james/Documents/cpp/pico-sdk/lib/tinyusb/src/common/tusb_fifo.c.obj
LOAD CMakeFiles/M0ZAHv1.dir/Users/james/Documents/cpp/pico-sdk/src/rp2_common/pico_fix/rp2040_usb_device_enumeration/rp2040_usb_device_enumeration.c.obj
LOAD CMakeFiles/M0ZAHv1.dir/Users/james/Documents/cpp/pico-sdk/src/rp2_common/pico_unique_id/unique_id.c.obj
LOAD CMakeFiles/M0ZAHv1.dir/Users/james/Documents/cpp/pico-sdk/src/rp2_common/hardware_flash/flash.c.obj
LOAD CMakeFiles/M0ZAHv1.dir/Users/james/Documents/cpp/pico-sdk/src/rp2_common/hardware_adc/adc.c.obj
LOAD /var/folders/57/krj0ysdd3qgc6g9dsqbz8b340000gn/T//ccdTxFcE.o
LOAD /usr/local/Cellar/arm-none-eabi-gcc/10.3-2021.07/gcc/bin/../lib/gcc/arm-none-eabi/10.3.1/../../../../arm-none-eabi/lib/thumb/v6-m/nofp/libstdc++.a
LOAD /usr/local/Cellar/arm-none-eabi-gcc/10.3-2021.07/gcc/bin/../lib/gcc/arm-none-eabi/10.3.1/../../../../arm-none-eabi/lib/thumb/v6-m/nofp/libm.a
START GROUP
LOAD /usr/local/Cellar/arm-none-eabi-gcc/10.3-2021.07/gcc/bin/../lib/gcc/arm-none-eabi/10.3.1/thumb/v6-m/nofp/libgcc.a
LOAD /usr/local/Cellar/arm-none-eabi-gcc/10.3-2021.07/gcc/bin/../lib/gcc/arm-none-eabi/10.3.1/../../../../arm-none-eabi/lib/thumb/v6-m/nofp/libg.a
LOAD /usr/local/Cellar/arm-none-eabi-gcc/10.3-2021.07/gcc/bin/../lib/gcc/arm-none-eabi/10.3.1/../../../../arm-none-eabi/lib/thumb/v6-m/nofp/libc.a
END GROUP
START GROUP
LOAD /usr/local/Cellar/arm-none-eabi-gcc/10.3-2021.07/gcc/bin/../lib/gcc/arm-none-eabi/10.3.1/thumb/v6-m/nofp/libgcc.a
LOAD /usr/local/Cellar/arm-none-eabi-gcc/10.3-2021.07/gcc/bin/../lib/gcc/arm-none-eabi/10.3.1/../../../../arm-none-eabi/lib/thumb/v6-m/nofp/libc.a
LOAD /usr/local/Cellar/arm-none-eabi-gcc/10.3-2021.07/gcc/bin/../lib/gcc/arm-none-eabi/10.3.1/../../../../arm-none-eabi/lib/thumb/v6-m/nofp/libnosys.a
END GROUP
LOAD /usr/local/Cellar/arm-none-eabi-gcc/10.3-2021.07/gcc/bin/../lib/gcc/arm-none-eabi/10.3.1/thumb/v6-m/nofp/crtend.o
LOAD /usr/local/Cellar/arm-none-eabi-gcc/10.3-2021.07/gcc/bin/../lib/gcc/arm-none-eabi/10.3.1/thumb/v6-m/nofp/crtn.o
OUTPUT(M0ZAHv1.elf elf32-littlearm)
LOAD linker stubs

.ARM.attributes
                0x0000000000000000       0x28
 .ARM.attributes
                0x0000000000000000       0x1e /usr/local/Cellar/arm-none-eabi-gcc/10.3-2021.07/gcc/bin/../lib/gcc/arm-none-eabi/10.3.1/thumb/v6-m/nofp/crti.o
 .ARM.attributes
                0x000000000000001e       0x2c /usr/local/Cellar/arm-none-eabi-gcc/10.3-2021.07/gcc/bin/../lib/gcc/arm-none-eabi/10.3.1/thumb/v6-m/nofp/crtbegin.o
 .ARM.attributes
                0x000000000000004a       0x2c CMakeFiles/M0ZAHv1.dir/main.c.obj
 .ARM.attributes
                0x0000000000000076       0x2c CMakeFiles/M0ZAHv1.dir/Users/james/Documents/cpp/pico-sdk/src/rp2_common/hardware_gpio/gpio.c.obj
 .ARM.attributes
                0x00000000000000a2       0x2c CMakeFiles/M0ZAHv1.dir/Users/james/Documents/cpp/pico-sdk/src/rp2_common/hardware_claim/claim.c.obj
 .ARM.attributes
                0x00000000000000ce       0x2c CMakeFiles/M0ZAHv1.dir/Users/james/Documents/cpp/pico-sdk/src/rp2_common/pico_platform/platform.c.obj
 .ARM.attributes
                0x00000000000000fa       0x2c CMakeFiles/M0ZAHv1.dir/Users/james/Documents/cpp/pico-sdk/src/rp2_common/hardware_sync/sync.c.obj
 .ARM.attributes
                0x0000000000000126       0x2c CMakeFiles/M0ZAHv1.dir/Users/james/Documents/cpp/pico-sdk/src/common/pico_time/time.c.obj
 .ARM.attributes
                0x0000000000000152       0x2c CMakeFiles/M0ZAHv1.dir/Users/james/Documents/cpp/pico-sdk/src/rp2_common/hardware_timer/timer.c.obj
 .ARM.attributes
                0x000000000000017e       0x2c CMakeFiles/M0ZAHv1.dir/Users/james/Documents/cpp/pico-sdk/src/common/pico_sync/lock_core.c.obj
 .ARM.attributes
                0x00000000000001aa       0x2c CMakeFiles/M0ZAHv1.dir/Users/james/Documents/cpp/pico-sdk/src/common/pico_sync/mutex.c.obj
 .ARM.attributes
                0x00000000000001d6       0x2c CMakeFiles/M0ZAHv1.dir/Users/james/Documents/cpp/pico-sdk/src/common/pico_util/pheap.c.obj
 .ARM.attributes
                0x0000000000000202       0x2c CMakeFiles/M0ZAHv1.dir/Users/james/Documents/cpp/pico-sdk/src/rp2_common/pico_runtime/runtime.c.obj
 .ARM.attributes
                0x000000000000022e       0x2c CMakeFiles/M0ZAHv1.dir/Users/james/Documents/cpp/pico-sdk/src/rp2_common/hardware_clocks/clocks.c.obj
 .ARM.attributes
                0x000000000000025a       0x2c CMakeFiles/M0ZAHv1.dir/Users/james/Documents/cpp/pico-sdk/src/rp2_common/hardware_irq/irq.c.obj
 .ARM.attributes
                0x0000000000000286       0x22 CMakeFiles/M0ZAHv1.dir/Users/james/Documents/cpp/pico-sdk/src/rp2_common/hardware_irq/irq_handler_chain.S.obj
 .ARM.attributes
                0x00000000000002a8       0x2c CMakeFiles/M0ZAHv1.dir/Users/james/Documents/cpp/pico-sdk/src/rp2_common/hardware_pll/pll.c.obj
 .ARM.attributes
                0x00000000000002d4       0x2c CMakeFiles/M0ZAHv1.dir/Users/james/Documents/cpp/pico-sdk/src/rp2_common/hardware_watchdog/watchdog.c.obj
 .ARM.attributes
                0x0000000000000300       0x2c CMakeFiles/M0ZAHv1.dir/Users/james/Documents/cpp/pico-sdk/src/rp2_common/hardware_xosc/xosc.c.obj
 .ARM.attributes
                0x000000000000032c       0x2c CMakeFiles/M0ZAHv1.dir/Users/james/Documents/cpp/pico-sdk/src/rp2_common/pico_printf/printf.c.obj
 .ARM.attributes
                0x0000000000000358       0x22 CMakeFiles/M0ZAHv1.dir/Users/james/Documents/cpp/pico-sdk/src/rp2_common/pico_bit_ops/bit_ops_aeabi.S.obj
 .ARM.attributes
                0x000000000000037a       0x2c CMakeFiles/M0ZAHv1.dir/Users/james/Documents/cpp/pico-sdk/src/rp2_common/pico_bootrom/bootrom.c.obj
 .ARM.attributes
                0x00000000000003a6       0x22 CMakeFiles/M0ZAHv1.dir/Users/james/Documents/cpp/pico-sdk/src/rp2_common/pico_divider/divider.S.obj
 .ARM.attributes
                0x00000000000003c8       0x22 CMakeFiles/M0ZAHv1.dir/Users/james/Documents/cpp/pico-sdk/src/rp2_common/pico_double/double_aeabi.S.obj
 .ARM.attributes
                0x00000000000003ea       0x2c CMakeFiles/M0ZAHv1.dir/Users/james/Documents/cpp/pico-sdk/src/rp2_common/pico_double/double_init_rom.c.obj
 .ARM.attributes
                0x0000000000000416       0x22 CMakeFiles/M0ZAHv1.dir/Users/james/Documents/cpp/pico-sdk/src/rp2_common/pico_double/double_v1_rom_shim.S.obj
 .ARM.attributes
                0x0000000000000438       0x22 CMakeFiles/M0ZAHv1.dir/Users/james/Documents/cpp/pico-sdk/src/rp2_common/pico_int64_ops/pico_int64_ops_aeabi.S.obj
 .ARM.attributes
                0x000000000000045a       0x22 CMakeFiles/M0ZAHv1.dir/Users/james/Documents/cpp/pico-sdk/src/rp2_common/pico_float/float_aeabi.S.obj
 .ARM.attributes
                0x000000000000047c       0x2c CMakeFiles/M0ZAHv1.dir/Users/james/Documents/cpp/pico-sdk/src/rp2_common/pico_float/float_init_rom.c.obj
 .ARM.attributes
                0x00000000000004a8       0x22 CMakeFiles/M0ZAHv1.dir/Users/james/Documents/cpp/pico-sdk/src/rp2_common/pico_float/float_v1_rom_shim.S.obj
 .ARM.attributes
                0x00000000000004ca       0x22 CMakeFiles/M0ZAHv1.dir/Users/james/Documents/cpp/pico-sdk/src/rp2_common/pico_mem_ops/mem_ops_aeabi.S.obj
 .ARM.attributes
                0x00000000000004ec       0x22 CMakeFiles/M0ZAHv1.dir/Users/james/Documents/cpp/pico-sdk/src/rp2_common/pico_standard_link/crt0.S.obj
 .ARM.attributes
                0x000000000000050e       0x32 CMakeFiles/M0ZAHv1.dir/Users/james/Documents/cpp/pico-sdk/src/rp2_common/pico_standard_link/binary_info.c.obj
 .ARM.attributes
                0x0000000000000540       0x2c CMakeFiles/M0ZAHv1.dir/Users/james/Documents/cpp/pico-sdk/src/rp2_common/pico_stdio/stdio.c.obj
 .ARM.attributes
                0x000000000000056c       0x2c CMakeFiles/M0ZAHv1.dir/Users/james/Documents/cpp/pico-sdk/src/rp2_common/pico_unique_id/unique_id.c.obj
 .ARM.attributes
                0x0000000000000598       0x2c CMakeFiles/M0ZAHv1.dir/Users/james/Documents/cpp/pico-sdk/src/rp2_common/hardware_flash/flash.c.obj
 .ARM.attributes
                0x00000000000005c4       0x2c CMakeFiles/M0ZAHv1.dir/Users/james/Documents/cpp/pico-sdk/src/rp2_common/hardware_adc/adc.c.obj
 .ARM.attributes
                0x00000000000005f0       0x22 /var/folders/57/krj0ysdd3qgc6g9dsqbz8b340000gn/T//ccdTxFcE.o
 .ARM.attributes
                0x0000000000000612       0x1e /usr/local/Cellar/arm-none-eabi-gcc/10.3-2021.07/gcc/bin/../lib/gcc/arm-none-eabi/10.3.1/thumb/v6-m/nofp/libgcc.a(_dvmd_tls.o)
 .ARM.attributes
                0x0000000000000630       0x2c /usr/local/Cellar/arm-none-eabi-gcc/10.3-2021.07/gcc/bin/../lib/gcc/arm-none-eabi/10.3.1/../../../../arm-none-eabi/lib/thumb/v6-m/nofp/libg.a(lib_a-strlen-stub.o)

.comment        0x0000000000000000       0x49
 .comment       0x0000000000000000       0x49 CMakeFiles/M0ZAHv1.dir/main.c.obj
                                         0x4a (size before relaxing)
 .comment       0x0000000000000049       0x4a CMakeFiles/M0ZAHv1.dir/Users/james/Documents/cpp/pico-sdk/src/rp2_common/hardware_gpio/gpio.c.obj
 .comment       0x0000000000000049       0x4a CMakeFiles/M0ZAHv1.dir/Users/james/Documents/cpp/pico-sdk/src/rp2_common/hardware_claim/claim.c.obj
 .comment       0x0000000000000049       0x4a CMakeFiles/M0ZAHv1.dir/Users/james/Documents/cpp/pico-sdk/src/rp2_common/pico_platform/platform.c.obj
 .comment       0x0000000000000049       0x4a CMakeFiles/M0ZAHv1.dir/Users/james/Documents/cpp/pico-sdk/src/rp2_common/hardware_sync/sync.c.obj
 .comment       0x0000000000000049       0x4a CMakeFiles/M0ZAHv1.dir/Users/james/Documents/cpp/pico-sdk/src/common/pico_time/time.c.obj
 .comment       0x0000000000000049       0x4a CMakeFiles/M0ZAHv1.dir/Users/james/Documents/cpp/pico-sdk/src/rp2_common/hardware_timer/timer.c.obj
 .comment       0x0000000000000049       0x4a CMakeFiles/M0ZAHv1.dir/Users/james/Documents/cpp/pico-sdk/src/common/pico_sync/lock_core.c.obj
 .comment       0x0000000000000049       0x4a CMakeFiles/M0ZAHv1.dir/Users/james/Documents/cpp/pico-sdk/src/common/pico_sync/mutex.c.obj
 .comment       0x0000000000000049       0x4a CMakeFiles/M0ZAHv1.dir/Users/james/Documents/cpp/pico-sdk/src/common/pico_util/pheap.c.obj
 .comment       0x0000000000000049       0x4a CMakeFiles/M0ZAHv1.dir/Users/james/Documents/cpp/pico-sdk/src/rp2_common/pico_runtime/runtime.c.obj
 .comment       0x0000000000000049       0x4a CMakeFiles/M0ZAHv1.dir/Users/james/Documents/cpp/pico-sdk/src/rp2_common/hardware_clocks/clocks.c.obj
 .comment       0x0000000000000049       0x4a CMakeFiles/M0ZAHv1.dir/Users/james/Documents/cpp/pico-sdk/src/rp2_common/hardware_irq/irq.c.obj
 .comment       0x0000000000000049       0x4a CMakeFiles/M0ZAHv1.dir/Users/james/Documents/cpp/pico-sdk/src/rp2_common/hardware_pll/pll.c.obj
 .comment       0x0000000000000049       0x4a CMakeFiles/M0ZAHv1.dir/Users/james/Documents/cpp/pico-sdk/src/rp2_common/hardware_watchdog/watchdog.c.obj
 .comment       0x0000000000000049       0x4a CMakeFiles/M0ZAHv1.dir/Users/james/Documents/cpp/pico-sdk/src/rp2_common/hardware_xosc/xosc.c.obj
 .comment       0x0000000000000049       0x4a CMakeFiles/M0ZAHv1.dir/Users/james/Documents/cpp/pico-sdk/src/rp2_common/pico_printf/printf.c.obj
 .comment       0x0000000000000049       0x4a CMakeFiles/M0ZAHv1.dir/Users/james/Documents/cpp/pico-sdk/src/rp2_common/pico_bootrom/bootrom.c.obj
 .comment       0x0000000000000049       0x4a CMakeFiles/M0ZAHv1.dir/Users/james/Documents/cpp/pico-sdk/src/rp2_common/pico_double/double_init_rom.c.obj
 .comment       0x0000000000000049       0x4a CMakeFiles/M0ZAHv1.dir/Users/james/Documents/cpp/pico-sdk/src/rp2_common/pico_float/float_init_rom.c.obj
 .comment       0x0000000000000049       0x4a CMakeFiles/M0ZAHv1.dir/Users/james/Documents/cpp/pico-sdk/src/rp2_common/pico_standard_link/binary_info.c.obj
 .comment       0x0000000000000049       0x4a CMakeFiles/M0ZAHv1.dir/Users/james/Documents/cpp/pico-sdk/src/rp2_common/pico_stdio/stdio.c.obj
 .comment       0x0000000000000049       0x4a CMakeFiles/M0ZAHv1.dir/Users/james/Documents/cpp/pico-sdk/src/rp2_common/pico_unique_id/unique_id.c.obj
 .comment       0x0000000000000049       0x4a CMakeFiles/M0ZAHv1.dir/Users/james/Documents/cpp/pico-sdk/src/rp2_common/hardware_flash/flash.c.obj
 .comment       0x0000000000000049       0x4a CMakeFiles/M0ZAHv1.dir/Users/james/Documents/cpp/pico-sdk/src/rp2_common/hardware_adc/adc.c.obj

.debug_info     0x0000000000000000    0x14bd4
 .debug_info    0x0000000000000000     0x1b83 CMakeFiles/M0ZAHv1.dir/main.c.obj
 .debug_info    0x0000000000001b83     0x1491 CMakeFiles/M0ZAHv1.dir/Users/james/Documents/cpp/pico-sdk/src/rp2_common/hardware_gpio/gpio.c.obj
 .debug_info    0x0000000000003014      0x6bb CMakeFiles/M0ZAHv1.dir/Users/james/Documents/cpp/pico-sdk/src/rp2_common/hardware_claim/claim.c.obj
 .debug_info    0x00000000000036cf      0x1e3 CMakeFiles/M0ZAHv1.dir/Users/james/Documents/cpp/pico-sdk/src/rp2_common/pico_platform/platform.c.obj
 .debug_info    0x00000000000038b2      0x58e CMakeFiles/M0ZAHv1.dir/Users/james/Documents/cpp/pico-sdk/src/rp2_common/hardware_sync/sync.c.obj
 .debug_info    0x0000000000003e40     0x3b3b CMakeFiles/M0ZAHv1.dir/Users/james/Documents/cpp/pico-sdk/src/common/pico_time/time.c.obj
 .debug_info    0x000000000000797b     0x1134 CMakeFiles/M0ZAHv1.dir/Users/james/Documents/cpp/pico-sdk/src/rp2_common/hardware_timer/timer.c.obj
 .debug_info    0x0000000000008aaf      0x1a4 CMakeFiles/M0ZAHv1.dir/Users/james/Documents/cpp/pico-sdk/src/common/pico_sync/lock_core.c.obj
 .debug_info    0x0000000000008c53     0x2022 CMakeFiles/M0ZAHv1.dir/Users/james/Documents/cpp/pico-sdk/src/common/pico_sync/mutex.c.obj
 .debug_info    0x000000000000ac75     0x120c CMakeFiles/M0ZAHv1.dir/Users/james/Documents/cpp/pico-sdk/src/common/pico_util/pheap.c.obj
 .debug_info    0x000000000000be81      0xa87 CMakeFiles/M0ZAHv1.dir/Users/james/Documents/cpp/pico-sdk/src/rp2_common/pico_runtime/runtime.c.obj
 .debug_info    0x000000000000c908      0xf6c CMakeFiles/M0ZAHv1.dir/Users/james/Documents/cpp/pico-sdk/src/rp2_common/hardware_clocks/clocks.c.obj
 .debug_info    0x000000000000d874     0x1968 CMakeFiles/M0ZAHv1.dir/Users/james/Documents/cpp/pico-sdk/src/rp2_common/hardware_irq/irq.c.obj
 .debug_info    0x000000000000f1dc      0x51b CMakeFiles/M0ZAHv1.dir/Users/james/Documents/cpp/pico-sdk/src/rp2_common/hardware_pll/pll.c.obj
 .debug_info    0x000000000000f6f7      0x4ee CMakeFiles/M0ZAHv1.dir/Users/james/Documents/cpp/pico-sdk/src/rp2_common/hardware_watchdog/watchdog.c.obj
 .debug_info    0x000000000000fbe5      0x1d8 CMakeFiles/M0ZAHv1.dir/Users/james/Documents/cpp/pico-sdk/src/rp2_common/hardware_xosc/xosc.c.obj
 .debug_info    0x000000000000fdbd     0x1a5f CMakeFiles/M0ZAHv1.dir/Users/james/Documents/cpp/pico-sdk/src/rp2_common/pico_printf/printf.c.obj
 .debug_info    0x000000000001181c       0x22 CMakeFiles/M0ZAHv1.dir/Users/james/Documents/cpp/pico-sdk/src/rp2_common/pico_bit_ops/bit_ops_aeabi.S.obj
 .debug_info    0x000000000001183e      0x27c CMakeFiles/M0ZAHv1.dir/Users/james/Documents/cpp/pico-sdk/src/rp2_common/pico_bootrom/bootrom.c.obj
 .debug_info    0x0000000000011aba       0x22 CMakeFiles/M0ZAHv1.dir/Users/james/Documents/cpp/pico-sdk/src/rp2_common/pico_divider/divider.S.obj
 .debug_info    0x0000000000011adc       0x22 CMakeFiles/M0ZAHv1.dir/Users/james/Documents/cpp/pico-sdk/src/rp2_common/pico_double/double_aeabi.S.obj
 .debug_info    0x0000000000011afe      0x2d1 CMakeFiles/M0ZAHv1.dir/Users/james/Documents/cpp/pico-sdk/src/rp2_common/pico_double/double_init_rom.c.obj
 .debug_info    0x0000000000011dcf       0x22 CMakeFiles/M0ZAHv1.dir/Users/james/Documents/cpp/pico-sdk/src/rp2_common/pico_double/double_v1_rom_shim.S.obj
 .debug_info    0x0000000000011df1       0x26 CMakeFiles/M0ZAHv1.dir/Users/james/Documents/cpp/pico-sdk/src/rp2_common/pico_int64_ops/pico_int64_ops_aeabi.S.obj
 .debug_info    0x0000000000011e17       0x22 CMakeFiles/M0ZAHv1.dir/Users/james/Documents/cpp/pico-sdk/src/rp2_common/pico_float/float_aeabi.S.obj
 .debug_info    0x0000000000011e39      0x2eb CMakeFiles/M0ZAHv1.dir/Users/james/Documents/cpp/pico-sdk/src/rp2_common/pico_float/float_init_rom.c.obj
 .debug_info    0x0000000000012124       0x22 CMakeFiles/M0ZAHv1.dir/Users/james/Documents/cpp/pico-sdk/src/rp2_common/pico_float/float_v1_rom_shim.S.obj
 .debug_info    0x0000000000012146       0x22 CMakeFiles/M0ZAHv1.dir/Users/james/Documents/cpp/pico-sdk/src/rp2_common/pico_mem_ops/mem_ops_aeabi.S.obj
 .debug_info    0x0000000000012168       0x22 CMakeFiles/M0ZAHv1.dir/Users/james/Documents/cpp/pico-sdk/src/rp2_common/pico_standard_link/crt0.S.obj
 .debug_info    0x000000000001218a      0x2f6 CMakeFiles/M0ZAHv1.dir/Users/james/Documents/cpp/pico-sdk/src/rp2_common/pico_standard_link/binary_info.c.obj
 .debug_info    0x0000000000012480     0x1302 CMakeFiles/M0ZAHv1.dir/Users/james/Documents/cpp/pico-sdk/src/rp2_common/pico_stdio/stdio.c.obj
 .debug_info    0x0000000000013782      0x257 CMakeFiles/M0ZAHv1.dir/Users/james/Documents/cpp/pico-sdk/src/rp2_common/pico_unique_id/unique_id.c.obj
 .debug_info    0x00000000000139d9      0xf22 CMakeFiles/M0ZAHv1.dir/Users/james/Documents/cpp/pico-sdk/src/rp2_common/hardware_flash/flash.c.obj
 .debug_info    0x00000000000148fb      0x2d9 CMakeFiles/M0ZAHv1.dir/Users/james/Documents/cpp/pico-sdk/src/rp2_common/hardware_adc/adc.c.obj

.debug_abbrev   0x0000000000000000     0x4100
 .debug_abbrev  0x0000000000000000      0x497 CMakeFiles/M0ZAHv1.dir/main.c.obj
 .debug_abbrev  0x0000000000000497      0x2c4 CMakeFiles/M0ZAHv1.dir/Users/james/Documents/cpp/pico-sdk/src/rp2_common/hardware_gpio/gpio.c.obj
 .debug_abbrev  0x000000000000075b      0x2e9 CMakeFiles/M0ZAHv1.dir/Users/james/Documents/cpp/pico-sdk/src/rp2_common/hardware_claim/claim.c.obj
 .debug_abbrev  0x0000000000000a44       0xeb CMakeFiles/M0ZAHv1.dir/Users/james/Documents/cpp/pico-sdk/src/rp2_common/pico_platform/platform.c.obj
 .debug_abbrev  0x0000000000000b2f      0x21b CMakeFiles/M0ZAHv1.dir/Users/james/Documents/cpp/pico-sdk/src/rp2_common/hardware_sync/sync.c.obj
 .debug_abbrev  0x0000000000000d4a      0x54d CMakeFiles/M0ZAHv1.dir/Users/james/Documents/cpp/pico-sdk/src/common/pico_time/time.c.obj
 .debug_abbrev  0x0000000000001297      0x3a2 CMakeFiles/M0ZAHv1.dir/Users/james/Documents/cpp/pico-sdk/src/rp2_common/hardware_timer/timer.c.obj
 .debug_abbrev  0x0000000000001639      0x116 CMakeFiles/M0ZAHv1.dir/Users/james/Documents/cpp/pico-sdk/src/common/pico_sync/lock_core.c.obj
 .debug_abbrev  0x000000000000174f      0x386 CMakeFiles/M0ZAHv1.dir/Users/james/Documents/cpp/pico-sdk/src/common/pico_sync/mutex.c.obj
 .debug_abbrev  0x0000000000001ad5      0x297 CMakeFiles/M0ZAHv1.dir/Users/james/Documents/cpp/pico-sdk/src/common/pico_util/pheap.c.obj
 .debug_abbrev  0x0000000000001d6c      0x3aa CMakeFiles/M0ZAHv1.dir/Users/james/Documents/cpp/pico-sdk/src/rp2_common/pico_runtime/runtime.c.obj
 .debug_abbrev  0x0000000000002116      0x3a5 CMakeFiles/M0ZAHv1.dir/Users/james/Documents/cpp/pico-sdk/src/rp2_common/hardware_clocks/clocks.c.obj
 .debug_abbrev  0x00000000000024bb      0x4cd CMakeFiles/M0ZAHv1.dir/Users/james/Documents/cpp/pico-sdk/src/rp2_common/hardware_irq/irq.c.obj
 .debug_abbrev  0x0000000000002988      0x1ea CMakeFiles/M0ZAHv1.dir/Users/james/Documents/cpp/pico-sdk/src/rp2_common/hardware_pll/pll.c.obj
 .debug_abbrev  0x0000000000002b72      0x1a8 CMakeFiles/M0ZAHv1.dir/Users/james/Documents/cpp/pico-sdk/src/rp2_common/hardware_watchdog/watchdog.c.obj
 .debug_abbrev  0x0000000000002d1a      0x109 CMakeFiles/M0ZAHv1.dir/Users/james/Documents/cpp/pico-sdk/src/rp2_common/hardware_xosc/xosc.c.obj
 .debug_abbrev  0x0000000000002e23      0x384 CMakeFiles/M0ZAHv1.dir/Users/james/Documents/cpp/pico-sdk/src/rp2_common/pico_printf/printf.c.obj
 .debug_abbrev  0x00000000000031a7       0x12 CMakeFiles/M0ZAHv1.dir/Users/james/Documents/cpp/pico-sdk/src/rp2_common/pico_bit_ops/bit_ops_aeabi.S.obj
 .debug_abbrev  0x00000000000031b9      0x13b CMakeFiles/M0ZAHv1.dir/Users/james/Documents/cpp/pico-sdk/src/rp2_common/pico_bootrom/bootrom.c.obj
 .debug_abbrev  0x00000000000032f4       0x12 CMakeFiles/M0ZAHv1.dir/Users/james/Documents/cpp/pico-sdk/src/rp2_common/pico_divider/divider.S.obj